
> @project/backend@1.0.0 test
> jest --runInBand

node.exe : (node:13316) [MONGOOSE] Warning: Duplicate schema index on 
{"email":1} found. This is often due to declaring an index using both "index: 
true" and "schema.index()". Please remove the duplicate index definition.
At line:1 char:1
+ & "C:\Program Files\nodejs/node.exe" "C:\Program Files\nodejs/node_mo ...
+ ~~~~~~~~~~~~~~~~~~~~~~~~~~~~~~~~~~~~~~~~~~~~~~~~~~~~~~~~~~~~~~~~~~~~~
    + CategoryInfo          : NotSpecified: ((node:13316) [M...dex definition. 
   :String) [], RemoteException
    + FullyQualifiedErrorId : NativeCommandError
 
(Use `node --trace-warnings ...` to show where the warning was created)
[0mPOST /api/v1/auth/register [32m201[0m 248.713 ms - 156[0m
[0mPOST /api/v1/auth/register [33m403[0m 10.835 ms - 77[0m
[0mPOST /api/v1/auth/register [33m403[0m 1.984 ms - 77[0m
[0mPOST /api/v1/auth/register [33m401[0m 2.485 ms - 59[0m
[0mPOST /api/v1/auth/register [33m403[0m 2.505 ms - 77[0m
[0mPOST /api/v1/auth/register [33m403[0m 2.693 ms - 77[0m
[0mPOST /api/v1/auth/register [33m403[0m 1.796 ms - 77[0m
[0mPOST /api/v1/auth/register [33m403[0m 1.773 ms - 77[0m
[0mPOST /api/v1/auth/logout [32m200[0m 7.757 ms - 58[0m
[0mPOST /api/v1/auth/logout [32m200[0m 3.629 ms - 58[0m
[0mPOST /api/v1/auth/logout [32m200[0m 3.849 ms - 58[0m
[0mPOST /api/v1/auth/logout [33m401[0m 2.515 ms - 59[0m
[0mPOST /api/v1/auth/logout [33m401[0m 2.194 ms - 66[0m
[0mPOST /api/v1/auth/login [32m200[0m 235.734 ms - 388[0m
PASS src/test/integration/rbac.integration.test.js
  ΓùÅ Console

    console.error
      [errorHandler] AppError: Forbidden: insufficient permissions
          at C:\Users\SeanCodyManliclic\OneDrive - smu.edu.ph\Documents\SIA_Cen
tralAdminDashboard\backend\src\middleware\authorize.js:29:19
          at Layer.handle [as handle_request] 
(C:\Users\SeanCodyManliclic\OneDrive - smu.edu.ph\Documents\SIA_CentralAdminDas
hboard\node_modules\express\lib\router\layer.js:95:5)
          at next (C:\Users\SeanCodyManliclic\OneDrive - smu.edu.ph\Documents\S
IA_CentralAdminDashboard\node_modules\express\lib\router\route.js:149:13)
          at next (C:\Users\SeanCodyManliclic\OneDrive - smu.edu.ph\Documents\S
IA_CentralAdminDashboard\backend\src\middleware\authenticate.js:65:5)
          at processTicksAndRejections 
(node:internal/process/task_queues:105:5)

    [0m [90m 46 |[39m   [90m// 1. Always log the full error server-side 
(stack, message, everything).[39m
     [90m 47 |[39m   [90m//    This is the ONLY place the stack trace is 
written; it never leaves the server.[39m
    [31m[1m>[22m[39m[90m 48 |[39m   
console[33m.[39merror([32m'[errorHandler]'[39m[33m,[39m 
err[33m.[39mstack [33m||[39m err)[33m;[39m
     [90m    |[39m           [31m[1m^[22m[39m
     [90m 49 |[39m
     [90m 50 |[39m   [90m// ΓöÇΓöÇ 2. Map error types to status codes and 
safe client messages ΓöÇΓöÇΓöÇΓöÇΓöÇΓöÇΓöÇΓöÇΓöÇΓöÇΓöÇΓöÇΓöÇΓöÇ[39m
     [90m 51 |[39m[0m

      at error (src/middleware/errorHandler.js:48:11)
      at Layer.handle_error (../node_modules/express/lib/router/layer.js:71:5)
      at trim_prefix (../node_modules/express/lib/router/index.js:326:13)
      at ../node_modules/express/lib/router/index.js:286:9
      at router.process_params 
(../node_modules/express/lib/router/index.js:346:12)
      at next (../node_modules/express/lib/router/index.js:280:10)
      at Layer.handle_error (../node_modules/express/lib/router/layer.js:67:12)
      at trim_prefix (../node_modules/express/lib/router/index.js:326:13)
      at ../node_modules/express/lib/router/index.js:286:9
      at router.process_params 
(../node_modules/express/lib/router/index.js:346:12)
      at Immediate.next (../node_modules/express/lib/router/index.js:280:10)
      at Immediate._onImmediate 
(../node_modules/express/lib/router/index.js:646:15)

    console.error
      [errorHandler] AppError: Forbidden: insufficient permissions
          at C:\Users\SeanCodyManliclic\OneDrive - smu.edu.ph\Documents\SIA_Cen
tralAdminDashboard\backend\src\middleware\authorize.js:29:19
          at Layer.handle [as handle_request] 
(C:\Users\SeanCodyManliclic\OneDrive - smu.edu.ph\Documents\SIA_CentralAdminDas
hboard\node_modules\express\lib\router\layer.js:95:5)
          at next (C:\Users\SeanCodyManliclic\OneDrive - smu.edu.ph\Documents\S
IA_CentralAdminDashboard\node_modules\express\lib\router\route.js:149:13)
          at next (C:\Users\SeanCodyManliclic\OneDrive - smu.edu.ph\Documents\S
IA_CentralAdminDashboard\backend\src\middleware\authenticate.js:65:5)
          at processTicksAndRejections 
(node:internal/process/task_queues:105:5)

    [0m [90m 46 |[39m   [90m// 1. Always log the full error server-side 
(stack, message, everything).[39m
     [90m 47 |[39m   [90m//    This is the ONLY place the stack trace is 
written; it never leaves the server.[39m
    [31m[1m>[22m[39m[90m 48 |[39m   
console[33m.[39merror([32m'[errorHandler]'[39m[33m,[39m 
err[33m.[39mstack [33m||[39m err)[33m;[39m
     [90m    |[39m           [31m[1m^[22m[39m
     [90m 49 |[39m
     [90m 50 |[39m   [90m// ΓöÇΓöÇ 2. Map error types to status codes and 
safe client messages ΓöÇΓöÇΓöÇΓöÇΓöÇΓöÇΓöÇΓöÇΓöÇΓöÇΓöÇΓöÇΓöÇΓöÇ[39m
     [90m 51 |[39m[0m

      at error (src/middleware/errorHandler.js:48:11)
      at Layer.handle_error (../node_modules/express/lib/router/layer.js:71:5)
      at trim_prefix (../node_modules/express/lib/router/index.js:326:13)
      at ../node_modules/express/lib/router/index.js:286:9
      at router.process_params 
(../node_modules/express/lib/router/index.js:346:12)
      at next (../node_modules/express/lib/router/index.js:280:10)
      at Layer.handle_error (../node_modules/express/lib/router/layer.js:67:12)
      at trim_prefix (../node_modules/express/lib/router/index.js:326:13)
      at ../node_modules/express/lib/router/index.js:286:9
      at router.process_params 
(../node_modules/express/lib/router/index.js:346:12)
      at Immediate.next (../node_modules/express/lib/router/index.js:280:10)
      at Immediate._onImmediate 
(../node_modules/express/lib/router/index.js:646:15)

    console.error
      [errorHandler] AppError: No token provided
          at authenticate (C:\Users\SeanCodyManliclic\OneDrive - smu.edu.ph\Doc
uments\SIA_CentralAdminDashboard\backend\src\middleware\authenticate.js:34:19)
          at Layer.handle [as handle_request] 
(C:\Users\SeanCodyManliclic\OneDrive - smu.edu.ph\Documents\SIA_CentralAdminDas
hboard\node_modules\express\lib\router\layer.js:95:5)
          at next (C:\Users\SeanCodyManliclic\OneDrive - smu.edu.ph\Documents\S
IA_CentralAdminDashboard\node_modules\express\lib\router\route.js:149:13)
          at next (C:\Users\SeanCodyManliclic\OneDrive - smu.edu.ph\Documents\S
IA_CentralAdminDashboard\backend\src\middleware\validate.js:30:12)
          at Layer.handle [as handle_request] 
(C:\Users\SeanCodyManliclic\OneDrive - smu.edu.ph\Documents\SIA_CentralAdminDas
hboard\node_modules\express\lib\router\layer.js:95:5)
          at next (C:\Users\SeanCodyManliclic\OneDrive - smu.edu.ph\Documents\S
IA_CentralAdminDashboard\node_modules\express\lib\router\route.js:149:13)
          at Route.dispatch (C:\Users\SeanCodyManliclic\OneDrive - smu.edu.ph\D
ocuments\SIA_CentralAdminDashboard\node_modules\express\lib\router\route.js:119
:3)
          at Layer.handle [as handle_request] 
(C:\Users\SeanCodyManliclic\OneDrive - smu.edu.ph\Documents\SIA_CentralAdminDas
hboard\node_modules\express\lib\router\layer.js:95:5)
          at C:\Users\SeanCodyManliclic\OneDrive - smu.edu.ph\Documents\SIA_Cen
tralAdminDashboard\node_modules\express\lib\router\index.js:284:15
          at router.process_params (C:\Users\SeanCodyManliclic\OneDrive - smu.e
du.ph\Documents\SIA_CentralAdminDashboard\node_modules\express\lib\router\index
.js:346:12)
          at next (C:\Users\SeanCodyManliclic\OneDrive - smu.edu.ph\Documents\S
IA_CentralAdminDashboard\node_modules\express\lib\router\index.js:280:10)
          at router.handle (C:\Users\SeanCodyManliclic\OneDrive - smu.edu.ph\Do
cuments\SIA_CentralAdminDashboard\node_modules\express\lib\router\index.js:175:
3)
          at router (C:\Users\SeanCodyManliclic\OneDrive - smu.edu.ph\Documents
\SIA_CentralAdminDashboard\node_modules\express\lib\router\index.js:47:12)
          at Layer.handle [as handle_request] 
(C:\Users\SeanCodyManliclic\OneDrive - smu.edu.ph\Documents\SIA_CentralAdminDas
hboard\node_modules\express\lib\router\layer.js:95:5)
          at trim_prefix (C:\Users\SeanCodyManliclic\OneDrive - smu.edu.ph\Docu
ments\SIA_CentralAdminDashboard\node_modules\express\lib\router\index.js:328:13
)
          at C:\Users\SeanCodyManliclic\OneDrive - smu.edu.ph\Documents\SIA_Cen
tralAdminDashboard\node_modules\express\lib\router\index.js:286:9
          at router.process_params (C:\Users\SeanCodyManliclic\OneDrive - smu.e
du.ph\Documents\SIA_CentralAdminDashboard\node_modules\express\lib\router\index
.js:346:12)
          at next (C:\Users\SeanCodyManliclic\OneDrive - smu.edu.ph\Documents\S
IA_CentralAdminDashboard\node_modules\express\lib\router\index.js:280:10)
          at router.handle (C:\Users\SeanCodyManliclic\OneDrive - smu.edu.ph\Do
cuments\SIA_CentralAdminDashboard\node_modules\express\lib\router\index.js:175:
3)
          at router (C:\Users\SeanCodyManliclic\OneDrive - smu.edu.ph\Documents
\SIA_CentralAdminDashboard\node_modules\express\lib\router\index.js:47:12)
          at Layer.handle [as handle_request] 
(C:\Users\SeanCodyManliclic\OneDrive - smu.edu.ph\Documents\SIA_CentralAdminDas
hboard\node_modules\express\lib\router\layer.js:95:5)
          at trim_prefix (C:\Users\SeanCodyManliclic\OneDrive - smu.edu.ph\Docu
ments\SIA_CentralAdminDashboard\node_modules\express\lib\router\index.js:328:13
)
          at C:\Users\SeanCodyManliclic\OneDrive - smu.edu.ph\Documents\SIA_Cen
tralAdminDashboard\node_modules\express\lib\router\index.js:286:9
          at router.process_params (C:\Users\SeanCodyManliclic\OneDrive - smu.e
du.ph\Documents\SIA_CentralAdminDashboard\node_modules\express\lib\router\index
.js:346:12)
          at next (C:\Users\SeanCodyManliclic\OneDrive - smu.edu.ph\Documents\S
IA_CentralAdminDashboard\node_modules\express\lib\router\index.js:280:10)
          at logger (C:\Users\SeanCodyManliclic\OneDrive - smu.edu.ph\Documents
\SIA_CentralAdminDashboard\node_modules\morgan\index.js:144:5)
          at Layer.handle [as handle_request] 
(C:\Users\SeanCodyManliclic\OneDrive - smu.edu.ph\Documents\SIA_CentralAdminDas
hboard\node_modules\express\lib\router\layer.js:95:5)
          at trim_prefix (C:\Users\SeanCodyManliclic\OneDrive - smu.edu.ph\Docu
ments\SIA_CentralAdminDashboard\node_modules\express\lib\router\index.js:328:13
)
          at C:\Users\SeanCodyManliclic\OneDrive - smu.edu.ph\Documents\SIA_Cen
tralAdminDashboard\node_modules\express\lib\router\index.js:286:9
          at router.process_params (C:\Users\SeanCodyManliclic\OneDrive - smu.e
du.ph\Documents\SIA_CentralAdminDashboard\node_modules\express\lib\router\index
.js:346:12)
          at next (C:\Users\SeanCodyManliclic\OneDrive - smu.edu.ph\Documents\S
IA_CentralAdminDashboard\node_modules\express\lib\router\index.js:280:10)
          at cookieParser (C:\Users\SeanCodyManliclic\OneDrive - smu.edu.ph\Doc
uments\SIA_CentralAdminDashboard\node_modules\cookie-parser\index.js:57:14)
          at Layer.handle [as handle_request] 
(C:\Users\SeanCodyManliclic\OneDrive - smu.edu.ph\Documents\SIA_CentralAdminDas
hboard\node_modules\express\lib\router\layer.js:95:5)
          at trim_prefix (C:\Users\SeanCodyManliclic\OneDrive - smu.edu.ph\Docu
ments\SIA_CentralAdminDashboard\node_modules\express\lib\router\index.js:328:13
)
          at C:\Users\SeanCodyManliclic\OneDrive - smu.edu.ph\Documents\SIA_Cen
tralAdminDashboard\node_modules\express\lib\router\index.js:286:9
          at router.process_params (C:\Users\SeanCodyManliclic\OneDrive - smu.e
du.ph\Documents\SIA_CentralAdminDashboard\node_modules\express\lib\router\index
.js:346:12)
          at next (C:\Users\SeanCodyManliclic\OneDrive - smu.edu.ph\Documents\S
IA_CentralAdminDashboard\node_modules\express\lib\router\index.js:280:10)
          at C:\Users\SeanCodyManliclic\OneDrive - smu.edu.ph\Documents\SIA_Cen
tralAdminDashboard\node_modules\body-parser\lib\read.js:137:5
          at AsyncResource.runInAsyncScope (node:async_hooks:214:14)
          at invokeCallback (C:\Users\SeanCodyManliclic\OneDrive - smu.edu.ph\D
ocuments\SIA_CentralAdminDashboard\node_modules\raw-body\index.js:238:16)
          at done (C:\Users\SeanCodyManliclic\OneDrive - smu.edu.ph\Documents\S
IA_CentralAdminDashboard\node_modules\raw-body\index.js:227:7)
          at IncomingMessage.onEnd (C:\Users\SeanCodyManliclic\OneDrive - smu.e
du.ph\Documents\SIA_CentralAdminDashboard\node_modules\raw-body\index.js:287:7)
          at IncomingMessage.emit (node:events:508:28)
          at endReadableNT (node:internal/streams/readable:1701:12)
          at processTicksAndRejections 
(node:internal/process/task_queues:90:21)

    [0m [90m 46 |[39m   [90m// 1. Always log the full error server-side 
(stack, message, everything).[39m
     [90m 47 |[39m   [90m//    This is the ONLY place the stack trace is 
written; it never leaves the server.[39m
    [31m[1m>[22m[39m[90m 48 |[39m   
console[33m.[39merror([32m'[errorHandler]'[39m[33m,[39m 
err[33m.[39mstack [33m||[39m err)[33m;[39m
     [90m    |[39m           [31m[1m^[22m[39m
     [90m 49 |[39m
     [90m 50 |[39m   [90m// ΓöÇΓöÇ 2. Map error types to status codes and 
safe client messages ΓöÇΓöÇΓöÇΓöÇΓöÇΓöÇΓöÇΓöÇΓöÇΓöÇΓöÇΓöÇΓöÇΓöÇ[39m
     [90m 51 |[39m[0m

      at error (src/middleware/errorHandler.js:48:11)
      at Layer.handle_error (../node_modules/express/lib/router/layer.js:71:5)
      at trim_prefix (../node_modules/express/lib/router/index.js:326:13)
      at ../node_modules/express/lib/router/index.js:286:9
      at router.process_params 
(../node_modules/express/lib/router/index.js:346:12)
      at next (../node_modules/express/lib/router/index.js:280:10)
      at Layer.handle_error (../node_modules/express/lib/router/layer.js:67:12)
      at trim_prefix (../node_modules/express/lib/router/index.js:326:13)
      at ../node_modules/express/lib/router/index.js:286:9
      at router.process_params 
(../node_modules/express/lib/router/index.js:346:12)
      at Immediate.next (../node_modules/express/lib/router/index.js:280:10)
      at Immediate._onImmediate 
(../node_modules/express/lib/router/index.js:646:15)

    console.error
      [errorHandler] AppError: Forbidden: insufficient permissions
          at C:\Users\SeanCodyManliclic\OneDrive - smu.edu.ph\Documents\SIA_Cen
tralAdminDashboard\backend\src\middleware\authorize.js:29:19
          at Layer.handle [as handle_request] 
(C:\Users\SeanCodyManliclic\OneDrive - smu.edu.ph\Documents\SIA_CentralAdminDas
hboard\node_modules\express\lib\router\layer.js:95:5)
          at next (C:\Users\SeanCodyManliclic\OneDrive - smu.edu.ph\Documents\S
IA_CentralAdminDashboard\node_modules\express\lib\router\route.js:149:13)
          at next (C:\Users\SeanCodyManliclic\OneDrive - smu.edu.ph\Documents\S
IA_CentralAdminDashboard\backend\src\middleware\authenticate.js:65:5)
          at processTicksAndRejections 
(node:internal/process/task_queues:105:5)

    [0m [90m 46 |[39m   [90m// 1. Always log the full error server-side 
(stack, message, everything).[39m
     [90m 47 |[39m   [90m//    This is the ONLY place the stack trace is 
written; it never leaves the server.[39m
    [31m[1m>[22m[39m[90m 48 |[39m   
console[33m.[39merror([32m'[errorHandler]'[39m[33m,[39m 
err[33m.[39mstack [33m||[39m err)[33m;[39m
     [90m    |[39m           [31m[1m^[22m[39m
     [90m 49 |[39m
     [90m 50 |[39m   [90m// ΓöÇΓöÇ 2. Map error types to status codes and 
safe client messages ΓöÇΓöÇΓöÇΓöÇΓöÇΓöÇΓöÇΓöÇΓöÇΓöÇΓöÇΓöÇΓöÇΓöÇ[39m
     [90m 51 |[39m[0m

      at error (src/middleware/errorHandler.js:48:11)
      at Layer.handle_error (../node_modules/express/lib/router/layer.js:71:5)
      at trim_prefix (../node_modules/express/lib/router/index.js:326:13)
      at ../node_modules/express/lib/router/index.js:286:9
      at router.process_params 
(../node_modules/express/lib/router/index.js:346:12)
      at next (../node_modules/express/lib/router/index.js:280:10)
      at Layer.handle_error (../node_modules/express/lib/router/layer.js:67:12)
      at trim_prefix (../node_modules/express/lib/router/index.js:326:13)
      at ../node_modules/express/lib/router/index.js:286:9
      at router.process_params 
(../node_modules/express/lib/router/index.js:346:12)
      at Immediate.next (../node_modules/express/lib/router/index.js:280:10)
      at Immediate._onImmediate 
(../node_modules/express/lib/router/index.js:646:15)

    console.error
      [errorHandler] AppError: Forbidden: insufficient permissions
          at C:\Users\SeanCodyManliclic\OneDrive - smu.edu.ph\Documents\SIA_Cen
tralAdminDashboard\backend\src\middleware\authorize.js:29:19
          at Layer.handle [as handle_request] 
(C:\Users\SeanCodyManliclic\OneDrive - smu.edu.ph\Documents\SIA_CentralAdminDas
hboard\node_modules\express\lib\router\layer.js:95:5)
          at next (C:\Users\SeanCodyManliclic\OneDrive - smu.edu.ph\Documents\S
IA_CentralAdminDashboard\node_modules\express\lib\router\route.js:149:13)
          at next (C:\Users\SeanCodyManliclic\OneDrive - smu.edu.ph\Documents\S
IA_CentralAdminDashboard\backend\src\middleware\authenticate.js:65:5)
          at processTicksAndRejections 
(node:internal/process/task_queues:105:5)

    [0m [90m 46 |[39m   [90m// 1. Always log the full error server-side 
(stack, message, everything).[39m
     [90m 47 |[39m   [90m//    This is the ONLY place the stack trace is 
written; it never leaves the server.[39m
    [31m[1m>[22m[39m[90m 48 |[39m   
console[33m.[39merror([32m'[errorHandler]'[39m[33m,[39m 
err[33m.[39mstack [33m||[39m err)[33m;[39m
     [90m    |[39m           [31m[1m^[22m[39m
     [90m 49 |[39m
     [90m 50 |[39m   [90m// ΓöÇΓöÇ 2. Map error types to status codes and 
safe client messages ΓöÇΓöÇΓöÇΓöÇΓöÇΓöÇΓöÇΓöÇΓöÇΓöÇΓöÇΓöÇΓöÇΓöÇ[39m
     [90m 51 |[39m[0m

      at error (src/middleware/errorHandler.js:48:11)
      at Layer.handle_error (../node_modules/express/lib/router/layer.js:71:5)
      at trim_prefix (../node_modules/express/lib/router/index.js:326:13)
      at ../node_modules/express/lib/router/index.js:286:9
      at router.process_params 
(../node_modules/express/lib/router/index.js:346:12)
      at next (../node_modules/express/lib/router/index.js:280:10)
      at Layer.handle_error (../node_modules/express/lib/router/layer.js:67:12)
      at trim_prefix (../node_modules/express/lib/router/index.js:326:13)
      at ../node_modules/express/lib/router/index.js:286:9
      at router.process_params 
(../node_modules/express/lib/router/index.js:346:12)
      at Immediate.next (../node_modules/express/lib/router/index.js:280:10)
      at Immediate._onImmediate 
(../node_modules/express/lib/router/index.js:646:15)

    console.error
      [errorHandler] AppError: Forbidden: insufficient permissions
          at C:\Users\SeanCodyManliclic\OneDrive - smu.edu.ph\Documents\SIA_Cen
tralAdminDashboard\backend\src\middleware\authorize.js:29:19
          at Layer.handle [as handle_request] 
(C:\Users\SeanCodyManliclic\OneDrive - smu.edu.ph\Documents\SIA_CentralAdminDas
hboard\node_modules\express\lib\router\layer.js:95:5)
          at next (C:\Users\SeanCodyManliclic\OneDrive - smu.edu.ph\Documents\S
IA_CentralAdminDashboard\node_modules\express\lib\router\route.js:149:13)
          at next (C:\Users\SeanCodyManliclic\OneDrive - smu.edu.ph\Documents\S
IA_CentralAdminDashboard\backend\src\middleware\authenticate.js:65:5)
          at processTicksAndRejections 
(node:internal/process/task_queues:105:5)

    [0m [90m 46 |[39m   [90m// 1. Always log the full error server-side 
(stack, message, everything).[39m
     [90m 47 |[39m   [90m//    This is the ONLY place the stack trace is 
written; it never leaves the server.[39m
    [31m[1m>[22m[39m[90m 48 |[39m   
console[33m.[39merror([32m'[errorHandler]'[39m[33m,[39m 
err[33m.[39mstack [33m||[39m err)[33m;[39m
     [90m    |[39m           [31m[1m^[22m[39m
     [90m 49 |[39m
     [90m 50 |[39m   [90m// ΓöÇΓöÇ 2. Map error types to status codes and 
safe client messages ΓöÇΓöÇΓöÇΓöÇΓöÇΓöÇΓöÇΓöÇΓöÇΓöÇΓöÇΓöÇΓöÇΓöÇ[39m
     [90m 51 |[39m[0m

      at error (src/middleware/errorHandler.js:48:11)
      at Layer.handle_error (../node_modules/express/lib/router/layer.js:71:5)
      at trim_prefix (../node_modules/express/lib/router/index.js:326:13)
      at ../node_modules/express/lib/router/index.js:286:9
      at router.process_params 
(../node_modules/express/lib/router/index.js:346:12)
      at next (../node_modules/express/lib/router/index.js:280:10)
      at Layer.handle_error (../node_modules/express/lib/router/layer.js:67:12)
      at trim_prefix (../node_modules/express/lib/router/index.js:326:13)
      at ../node_modules/express/lib/router/index.js:286:9
      at router.process_params 
(../node_modules/express/lib/router/index.js:346:12)
      at Immediate.next (../node_modules/express/lib/router/index.js:280:10)
      at Immediate._onImmediate 
(../node_modules/express/lib/router/index.js:646:15)

    console.error
      [errorHandler] AppError: Forbidden: insufficient permissions
          at C:\Users\SeanCodyManliclic\OneDrive - smu.edu.ph\Documents\SIA_Cen
tralAdminDashboard\backend\src\middleware\authorize.js:29:19
          at Layer.handle [as handle_request] 
(C:\Users\SeanCodyManliclic\OneDrive - smu.edu.ph\Documents\SIA_CentralAdminDas
hboard\node_modules\express\lib\router\layer.js:95:5)
          at next (C:\Users\SeanCodyManliclic\OneDrive - smu.edu.ph\Documents\S
IA_CentralAdminDashboard\node_modules\express\lib\router\route.js:149:13)
          at next (C:\Users\SeanCodyManliclic\OneDrive - smu.edu.ph\Documents\S
IA_CentralAdminDashboard\backend\src\middleware\authenticate.js:65:5)
          at processTicksAndRejections 
(node:internal/process/task_queues:105:5)

    [0m [90m 46 |[39m   [90m// 1. Always log the full error server-side 
(stack, message, everything).[39m
     [90m 47 |[39m   [90m//    This is the ONLY place the stack trace is 
written; it never leaves the server.[39m
    [31m[1m>[22m[39m[90m 48 |[39m   
console[33m.[39merror([32m'[errorHandler]'[39m[33m,[39m 
err[33m.[39mstack [33m||[39m err)[33m;[39m
     [90m    |[39m           [31m[1m^[22m[39m
     [90m 49 |[39m
     [90m 50 |[39m   [90m// ΓöÇΓöÇ 2. Map error types to status codes and 
safe client messages ΓöÇΓöÇΓöÇΓöÇΓöÇΓöÇΓöÇΓöÇΓöÇΓöÇΓöÇΓöÇΓöÇΓöÇ[39m
     [90m 51 |[39m[0m

      at error (src/middleware/errorHandler.js:48:11)
      at Layer.handle_error (../node_modules/express/lib/router/layer.js:71:5)
      at trim_prefix (../node_modules/express/lib/router/index.js:326:13)
      at ../node_modules/express/lib/router/index.js:286:9
      at router.process_params 
(../node_modules/express/lib/router/index.js:346:12)
      at next (../node_modules/express/lib/router/index.js:280:10)
      at Layer.handle_error (../node_modules/express/lib/router/layer.js:67:12)
      at trim_prefix (../node_modules/express/lib/router/index.js:326:13)
      at ../node_modules/express/lib/router/index.js:286:9
      at router.process_params 
(../node_modules/express/lib/router/index.js:346:12)
      at Immediate.next (../node_modules/express/lib/router/index.js:280:10)
      at Immediate._onImmediate 
(../node_modules/express/lib/router/index.js:646:15)

    console.error
      [errorHandler] AppError: No token provided
          at authenticate (C:\Users\SeanCodyManliclic\OneDrive - smu.edu.ph\Doc
uments\SIA_CentralAdminDashboard\backend\src\middleware\authenticate.js:34:19)
          at Layer.handle [as handle_request] 
(C:\Users\SeanCodyManliclic\OneDrive - smu.edu.ph\Documents\SIA_CentralAdminDas
hboard\node_modules\express\lib\router\layer.js:95:5)
          at next (C:\Users\SeanCodyManliclic\OneDrive - smu.edu.ph\Documents\S
IA_CentralAdminDashboard\node_modules\express\lib\router\route.js:149:13)
          at Route.dispatch (C:\Users\SeanCodyManliclic\OneDrive - smu.edu.ph\D
ocuments\SIA_CentralAdminDashboard\node_modules\express\lib\router\route.js:119
:3)
          at Layer.handle [as handle_request] 
(C:\Users\SeanCodyManliclic\OneDrive - smu.edu.ph\Documents\SIA_CentralAdminDas
hboard\node_modules\express\lib\router\layer.js:95:5)
          at C:\Users\SeanCodyManliclic\OneDrive - smu.edu.ph\Documents\SIA_Cen
tralAdminDashboard\node_modules\express\lib\router\index.js:284:15
          at router.process_params (C:\Users\SeanCodyManliclic\OneDrive - smu.e
du.ph\Documents\SIA_CentralAdminDashboard\node_modules\express\lib\router\index
.js:346:12)
          at next (C:\Users\SeanCodyManliclic\OneDrive - smu.edu.ph\Documents\S
IA_CentralAdminDashboard\node_modules\express\lib\router\index.js:280:10)
          at router.handle (C:\Users\SeanCodyManliclic\OneDrive - smu.edu.ph\Do
cuments\SIA_CentralAdminDashboard\node_modules\express\lib\router\index.js:175:
3)
          at router (C:\Users\SeanCodyManliclic\OneDrive - smu.edu.ph\Documents
\SIA_CentralAdminDashboard\node_modules\express\lib\router\index.js:47:12)
          at Layer.handle [as handle_request] 
(C:\Users\SeanCodyManliclic\OneDrive - smu.edu.ph\Documents\SIA_CentralAdminDas
hboard\node_modules\express\lib\router\layer.js:95:5)
          at trim_prefix (C:\Users\SeanCodyManliclic\OneDrive - smu.edu.ph\Docu
ments\SIA_CentralAdminDashboard\node_modules\express\lib\router\index.js:328:13
)
          at C:\Users\SeanCodyManliclic\OneDrive - smu.edu.ph\Documents\SIA_Cen
tralAdminDashboard\node_modules\express\lib\router\index.js:286:9
          at router.process_params (C:\Users\SeanCodyManliclic\OneDrive - smu.e
du.ph\Documents\SIA_CentralAdminDashboard\node_modules\express\lib\router\index
.js:346:12)
          at next (C:\Users\SeanCodyManliclic\OneDrive - smu.edu.ph\Documents\S
IA_CentralAdminDashboard\node_modules\express\lib\router\index.js:280:10)
          at router.handle (C:\Users\SeanCodyManliclic\OneDrive - smu.edu.ph\Do
cuments\SIA_CentralAdminDashboard\node_modules\express\lib\router\index.js:175:
3)
          at router (C:\Users\SeanCodyManliclic\OneDrive - smu.edu.ph\Documents
\SIA_CentralAdminDashboard\node_modules\express\lib\router\index.js:47:12)
          at Layer.handle [as handle_request] 
(C:\Users\SeanCodyManliclic\OneDrive - smu.edu.ph\Documents\SIA_CentralAdminDas
hboard\node_modules\express\lib\router\layer.js:95:5)
          at trim_prefix (C:\Users\SeanCodyManliclic\OneDrive - smu.edu.ph\Docu
ments\SIA_CentralAdminDashboard\node_modules\express\lib\router\index.js:328:13
)
          at C:\Users\SeanCodyManliclic\OneDrive - smu.edu.ph\Documents\SIA_Cen
tralAdminDashboard\node_modules\express\lib\router\index.js:286:9
          at router.process_params (C:\Users\SeanCodyManliclic\OneDrive - smu.e
du.ph\Documents\SIA_CentralAdminDashboard\node_modules\express\lib\router\index
.js:346:12)
          at next (C:\Users\SeanCodyManliclic\OneDrive - smu.edu.ph\Documents\S
IA_CentralAdminDashboard\node_modules\express\lib\router\index.js:280:10)
          at logger (C:\Users\SeanCodyManliclic\OneDrive - smu.edu.ph\Documents
\SIA_CentralAdminDashboard\node_modules\morgan\index.js:144:5)
          at Layer.handle [as handle_request] 
(C:\Users\SeanCodyManliclic\OneDrive - smu.edu.ph\Documents\SIA_CentralAdminDas
hboard\node_modules\express\lib\router\layer.js:95:5)
          at trim_prefix (C:\Users\SeanCodyManliclic\OneDrive - smu.edu.ph\Docu
ments\SIA_CentralAdminDashboard\node_modules\express\lib\router\index.js:328:13
)
          at C:\Users\SeanCodyManliclic\OneDrive - smu.edu.ph\Documents\SIA_Cen
tralAdminDashboard\node_modules\express\lib\router\index.js:286:9
          at router.process_params (C:\Users\SeanCodyManliclic\OneDrive - smu.e
du.ph\Documents\SIA_CentralAdminDashboard\node_modules\express\lib\router\index
.js:346:12)
          at next (C:\Users\SeanCodyManliclic\OneDrive - smu.edu.ph\Documents\S
IA_CentralAdminDashboard\node_modules\express\lib\router\index.js:280:10)
          at cookieParser (C:\Users\SeanCodyManliclic\OneDrive - smu.edu.ph\Doc
uments\SIA_CentralAdminDashboard\node_modules\cookie-parser\index.js:57:14)
          at Layer.handle [as handle_request] 
(C:\Users\SeanCodyManliclic\OneDrive - smu.edu.ph\Documents\SIA_CentralAdminDas
hboard\node_modules\express\lib\router\layer.js:95:5)
          at trim_prefix (C:\Users\SeanCodyManliclic\OneDrive - smu.edu.ph\Docu
ments\SIA_CentralAdminDashboard\node_modules\express\lib\router\index.js:328:13
)
          at C:\Users\SeanCodyManliclic\OneDrive - smu.edu.ph\Documents\SIA_Cen
tralAdminDashboard\node_modules\express\lib\router\index.js:286:9
          at router.process_params (C:\Users\SeanCodyManliclic\OneDrive - smu.e
du.ph\Documents\SIA_CentralAdminDashboard\node_modules\express\lib\router\index
.js:346:12)
          at next (C:\Users\SeanCodyManliclic\OneDrive - smu.edu.ph\Documents\S
IA_CentralAdminDashboard\node_modules\express\lib\router\index.js:280:10)
          at jsonParser (C:\Users\SeanCodyManliclic\OneDrive - smu.edu.ph\Docum
ents\SIA_CentralAdminDashboard\node_modules\body-parser\lib\types\json.js:122:7
)
          at Layer.handle [as handle_request] 
(C:\Users\SeanCodyManliclic\OneDrive - smu.edu.ph\Documents\SIA_CentralAdminDas
hboard\node_modules\express\lib\router\layer.js:95:5)
          at trim_prefix (C:\Users\SeanCodyManliclic\OneDrive - smu.edu.ph\Docu
ments\SIA_CentralAdminDashboard\node_modules\express\lib\router\index.js:328:13
)
          at C:\Users\SeanCodyManliclic\OneDrive - smu.edu.ph\Documents\SIA_Cen
tralAdminDashboard\node_modules\express\lib\router\index.js:286:9
          at router.process_params (C:\Users\SeanCodyManliclic\OneDrive - smu.e
du.ph\Documents\SIA_CentralAdminDashboard\node_modules\express\lib\router\index
.js:346:12)
          at next (C:\Users\SeanCodyManliclic\OneDrive - smu.edu.ph\Documents\S
IA_CentralAdminDashboard\node_modules\express\lib\router\index.js:280:10)
          at cors (C:\Users\SeanCodyManliclic\OneDrive - smu.edu.ph\Documents\S
IA_CentralAdminDashboard\node_modules\cors\lib\index.js:188:7)
          at C:\Users\SeanCodyManliclic\OneDrive - smu.edu.ph\Documents\SIA_Cen
tralAdminDashboard\node_modules\cors\lib\index.js:224:17
          at originCallback (C:\Users\SeanCodyManliclic\OneDrive - smu.edu.ph\D
ocuments\SIA_CentralAdminDashboard\node_modules\cors\lib\index.js:214:15)
          at C:\Users\SeanCodyManliclic\OneDrive - smu.edu.ph\Documents\SIA_Cen
tralAdminDashboard\node_modules\cors\lib\index.js:219:13
          at optionsCallback (C:\Users\SeanCodyManliclic\OneDrive - smu.edu.ph\
Documents\SIA_CentralAdminDashboard\node_modules\cors\lib\index.js:199:9)
          at corsMiddleware (C:\Users\SeanCodyManliclic\OneDrive - smu.edu.ph\D
ocuments\SIA_CentralAdminDashboard\node_modules\cors\lib\index.js:204:7)
          at Layer.handle [as handle_request] 
(C:\Users\SeanCodyManliclic\OneDrive - smu.edu.ph\Documents\SIA_CentralAdminDas
hboard\node_modules\express\lib\router\layer.js:95:5)
          at trim_prefix (C:\Users\SeanCodyManliclic\OneDrive - smu.edu.ph\Docu
ments\SIA_CentralAdminDashboard\node_modules\express\lib\router\index.js:328:13
)
          at C:\Users\SeanCodyManliclic\OneDrive - smu.edu.ph\Documents\SIA_Cen
tralAdminDashboard\node_modules\express\lib\router\index.js:286:9
          at router.process_params (C:\Users\SeanCodyManliclic\OneDrive - smu.e
du.ph\Documents\SIA_CentralAdminDashboard\node_modules\express\lib\router\index
.js:346:12)
          at next (C:\Users\SeanCodyManliclic\OneDrive - smu.edu.ph\Documents\S
IA_CentralAdminDashboard\node_modules\express\lib\router\index.js:280:10)
          at internalNext (C:\Users\SeanCodyManliclic\OneDrive - smu.edu.ph\Doc
uments\SIA_CentralAdminDashboard\node_modules\helmet\index.cjs:527:6)
          at xXssProtectionMiddleware (C:\Users\SeanCodyManliclic\OneDrive - sm
u.edu.ph\Documents\SIA_CentralAdminDashboard\node_modules\helmet\index.cjs:307:
3)
          at internalNext (C:\Users\SeanCodyManliclic\OneDrive - smu.edu.ph\Doc
uments\SIA_CentralAdminDashboard\node_modules\helmet\index.cjs:525:6)
          at xPoweredByMiddleware (C:\Users\SeanCodyManliclic\OneDrive - smu.ed
u.ph\Documents\SIA_CentralAdminDashboard\node_modules\helmet\index.cjs:300:3)
          at internalNext (C:\Users\SeanCodyManliclic\OneDrive - smu.edu.ph\Doc
uments\SIA_CentralAdminDashboard\node_modules\helmet\index.cjs:525:6)
          at xPermittedCrossDomainPoliciesMiddleware 
(C:\Users\SeanCodyManliclic\OneDrive - smu.edu.ph\Documents\SIA_CentralAdminDas
hboard\node_modules\helmet\index.cjs:293:3)
          at internalNext (C:\Users\SeanCodyManliclic\OneDrive - smu.edu.ph\Doc
uments\SIA_CentralAdminDashboard\node_modules\helmet\index.cjs:525:6)
          at xFrameOptionsMiddleware (C:\Users\SeanCodyManliclic\OneDrive - smu
.edu.ph\Documents\SIA_CentralAdminDashboard\node_modules\helmet\index.cjs:277:3
)
          at internalNext (C:\Users\SeanCodyManliclic\OneDrive - smu.edu.ph\Doc
uments\SIA_CentralAdminDashboard\node_modules\helmet\index.cjs:525:6)
          at xDownloadOptionsMiddleware (C:\Users\SeanCodyManliclic\OneDrive - 
smu.edu.ph\Documents\SIA_CentralAdminDashboard\node_modules\helmet\index.cjs:25
7:3)
          at internalNext (C:\Users\SeanCodyManliclic\OneDrive - smu.edu.ph\Doc
uments\SIA_CentralAdminDashboard\node_modules\helmet\index.cjs:525:6)
          at xDnsPrefetchControlMiddleware 
(C:\Users\SeanCodyManliclic\OneDrive - smu.edu.ph\Documents\SIA_CentralAdminDas
hboard\node_modules\helmet\index.cjs:250:3)
          at internalNext (C:\Users\SeanCodyManliclic\OneDrive - smu.edu.ph\Doc
uments\SIA_CentralAdminDashboard\node_modules\helmet\index.cjs:525:6)
          at xContentTypeOptionsMiddleware 
(C:\Users\SeanCodyManliclic\OneDrive - smu.edu.ph\Documents\SIA_CentralAdminDas
hboard\node_modules\helmet\index.cjs:242:3)
          at internalNext (C:\Users\SeanCodyManliclic\OneDrive - smu.edu.ph\Doc
uments\SIA_CentralAdminDashboard\node_modules\helmet\index.cjs:525:6)
          at strictTransportSecurityMiddleware 
(C:\Users\SeanCodyManliclic\OneDrive - smu.edu.ph\Documents\SIA_CentralAdminDas
hboard\node_modules\helmet\index.cjs:235:3)
          at internalNext (C:\Users\SeanCodyManliclic\OneDrive - smu.edu.ph\Doc
uments\SIA_CentralAdminDashboard\node_modules\helmet\index.cjs:525:6)
          at referrerPolicyMiddleware (C:\Users\SeanCodyManliclic\OneDrive - sm
u.edu.ph\Documents\SIA_CentralAdminDashboard\node_modules\helmet\index.cjs:203:
3)
          at internalNext (C:\Users\SeanCodyManliclic\OneDrive - smu.edu.ph\Doc
uments\SIA_CentralAdminDashboard\node_modules\helmet\index.cjs:525:6)
          at originAgentClusterMiddleware (C:\Users\SeanCodyManliclic\OneDrive 
- smu.edu.ph\Documents\SIA_CentralAdminDashboard\node_modules\helmet\index.cjs:
178:3)
          at internalNext (C:\Users\SeanCodyManliclic\OneDrive - smu.edu.ph\Doc
uments\SIA_CentralAdminDashboard\node_modules\helmet\index.cjs:525:6)
          at crossOriginResourcePolicyMiddleware 
(C:\Users\SeanCodyManliclic\OneDrive - smu.edu.ph\Documents\SIA_CentralAdminDas
hboard\node_modules\helmet\index.cjs:171:3)
          at internalNext (C:\Users\SeanCodyManliclic\OneDrive - smu.edu.ph\Doc
uments\SIA_CentralAdminDashboard\node_modules\helmet\index.cjs:525:6)
          at crossOriginOpenerPolicyMiddleware 
(C:\Users\SeanCodyManliclic\OneDrive - smu.edu.ph\Documents\SIA_CentralAdminDas
hboard\node_modules\helmet\index.cjs:155:3)
          at internalNext (C:\Users\SeanCodyManliclic\OneDrive - smu.edu.ph\Doc
uments\SIA_CentralAdminDashboard\node_modules\helmet\index.cjs:525:6)
          at contentSecurityPolicyMiddleware 
(C:\Users\SeanCodyManliclic\OneDrive - smu.edu.ph\Documents\SIA_CentralAdminDas
hboard\node_modules\helmet\index.cjs:120:4)
          at internalNext (C:\Users\SeanCodyManliclic\OneDrive - smu.edu.ph\Doc
uments\SIA_CentralAdminDashboard\node_modules\helmet\index.cjs:525:6)
          at helmetMiddleware (C:\Users\SeanCodyManliclic\OneDrive - smu.edu.ph
\Documents\SIA_CentralAdminDashboard\node_modules\helmet\index.cjs:529:6)
          at Layer.handle [as handle_request] 
(C:\Users\SeanCodyManliclic\OneDrive - smu.edu.ph\Documents\SIA_CentralAdminDas
hboard\node_modules\express\lib\router\layer.js:95:5)
          at trim_prefix (C:\Users\SeanCodyManliclic\OneDrive - smu.edu.ph\Docu
ments\SIA_CentralAdminDashboard\node_modules\express\lib\router\index.js:328:13
)
          at C:\Users\SeanCodyManliclic\OneDrive - smu.edu.ph\Documents\SIA_Cen
tralAdminDashboard\node_modules\express\lib\router\index.js:286:9
          at router.process_params (C:\Users\SeanCodyManliclic\OneDrive - smu.e
du.ph\Documents\SIA_CentralAdminDashboard\node_modules\express\lib\router\index
.js:346:12)
          at next (C:\Users\SeanCodyManliclic\OneDrive - smu.edu.ph\Documents\S
IA_CentralAdminDashboard\node_modules\express\lib\router\index.js:280:10)
          at expressInit (C:\Users\SeanCodyManliclic\OneDrive - smu.edu.ph\Docu
ments\SIA_CentralAdminDashboard\node_modules\express\lib\middleware\init.js:40:
5)
          at Layer.handle [as handle_request] 
(C:\Users\SeanCodyManliclic\OneDrive - smu.edu.ph\Documents\SIA_CentralAdminDas
hboard\node_modules\express\lib\router\layer.js:95:5)
          at trim_prefix (C:\Users\SeanCodyManliclic\OneDrive - smu.edu.ph\Docu
ments\SIA_CentralAdminDashboard\node_modules\express\lib\router\index.js:328:13
)
          at C:\Users\SeanCodyManliclic\OneDrive - smu.edu.ph\Documents\SIA_Cen
tralAdminDashboard\node_modules\express\lib\router\index.js:286:9
          at router.process_params (C:\Users\SeanCodyManliclic\OneDrive - smu.e
du.ph\Documents\SIA_CentralAdminDashboard\node_modules\express\lib\router\index
.js:346:12)
          at next (C:\Users\SeanCodyManliclic\OneDrive - smu.edu.ph\Documents\S
IA_CentralAdminDashboard\node_modules\express\lib\router\index.js:280:10)
          at query (C:\Users\SeanCodyManliclic\OneDrive - smu.edu.ph\Documents\
SIA_CentralAdminDashboard\node_modules\express\lib\middleware\query.js:45:5)
          at Layer.handle [as handle_request] 
(C:\Users\SeanCodyManliclic\OneDrive - smu.edu.ph\Documents\SIA_CentralAdminDas
hboard\node_modules\express\lib\router\layer.js:95:5)
          at trim_prefix (C:\Users\SeanCodyManliclic\OneDrive - smu.edu.ph\Docu
ments\SIA_CentralAdminDashboard\node_modules\express\lib\router\index.js:328:13
)
          at C:\Users\SeanCodyManliclic\OneDrive - smu.edu.ph\Documents\SIA_Cen
tralAdminDashboard\node_modules\express\lib\router\index.js:286:9
          at router.process_params (C:\Users\SeanCodyManliclic\OneDrive - smu.e
du.ph\Documents\SIA_CentralAdminDashboard\node_modules\express\lib\router\index
.js:346:12)
          at next (C:\Users\SeanCodyManliclic\OneDrive - smu.edu.ph\Documents\S
IA_CentralAdminDashboard\node_modules\express\lib\router\index.js:280:10)
          at router.handle (C:\Users\SeanCodyManliclic\OneDrive - smu.edu.ph\Do
cuments\SIA_CentralAdminDashboard\node_modules\express\lib\router\index.js:175:
3)
          at app.handle (C:\Users\SeanCodyManliclic\OneDrive - smu.edu.ph\Docum
ents\SIA_CentralAdminDashboard\node_modules\express\lib\application.js:181:10)
          at Server.app (C:\Users\SeanCodyManliclic\OneDrive - smu.edu.ph\Docum
ents\SIA_CentralAdminDashboard\node_modules\express\lib\express.js:39:9)
          at Server.emit (node:events:508:28)

    [0m [90m 46 |[39m   [90m// 1. Always log the full error server-side 
(stack, message, everything).[39m
     [90m 47 |[39m   [90m//    This is the ONLY place the stack trace is 
written; it never leaves the server.[39m
    [31m[1m>[22m[39m[90m 48 |[39m   
console[33m.[39merror([32m'[errorHandler]'[39m[33m,[39m 
err[33m.[39mstack [33m||[39m err)[33m;[39m
     [90m    |[39m           [31m[1m^[22m[39m
     [90m 49 |[39m
     [90m 50 |[39m   [90m// ΓöÇΓöÇ 2. Map error types to status codes and 
safe client messages ΓöÇΓöÇΓöÇΓöÇΓöÇΓöÇΓöÇΓöÇΓöÇΓöÇΓöÇΓöÇΓöÇΓöÇ[39m
     [90m 51 |[39m[0m

      at error (src/middleware/errorHandler.js:48:11)
      at Layer.handle_error (../node_modules/express/lib/router/layer.js:71:5)
      at trim_prefix (../node_modules/express/lib/router/index.js:326:13)
      at ../node_modules/express/lib/router/index.js:286:9
      at router.process_params 
(../node_modules/express/lib/router/index.js:346:12)
      at next (../node_modules/express/lib/router/index.js:280:10)
      at Layer.handle_error (../node_modules/express/lib/router/layer.js:67:12)
      at trim_prefix (../node_modules/express/lib/router/index.js:326:13)
      at ../node_modules/express/lib/router/index.js:286:9
      at router.process_params 
(../node_modules/express/lib/router/index.js:346:12)
      at Immediate.next (../node_modules/express/lib/router/index.js:280:10)
      at Immediate._onImmediate 
(../node_modules/express/lib/router/index.js:646:15)

    console.error
      [errorHandler] JsonWebTokenError: jwt malformed
          at Object.<anonymous>.module.exports [as verify] 
(C:\Users\SeanCodyManliclic\OneDrive - smu.edu.ph\Documents\SIA_CentralAdminDas
hboard\node_modules\jsonwebtoken\verify.js:70:17)
          at verify (C:\Users\SeanCodyManliclic\OneDrive - smu.edu.ph\Documents
\SIA_CentralAdminDashboard\backend\src\services\token.service.js:67:14)
          at verifyAccessToken (C:\Users\SeanCodyManliclic\OneDrive - smu.edu.p
h\Documents\SIA_CentralAdminDashboard\backend\src\middleware\authenticate.js:48
:17)
          at Layer.handle [as handle_request] 
(C:\Users\SeanCodyManliclic\OneDrive - smu.edu.ph\Documents\SIA_CentralAdminDas
hboard\node_modules\express\lib\router\layer.js:95:5)
          at next (C:\Users\SeanCodyManliclic\OneDrive - smu.edu.ph\Documents\S
IA_CentralAdminDashboard\node_modules\express\lib\router\route.js:149:13)
          at Route.dispatch (C:\Users\SeanCodyManliclic\OneDrive - smu.edu.ph\D
ocuments\SIA_CentralAdminDashboard\node_modules\express\lib\router\route.js:119
:3)
          at Layer.handle [as handle_request] 
(C:\Users\SeanCodyManliclic\OneDrive - smu.edu.ph\Documents\SIA_CentralAdminDas
hboard\node_modules\express\lib\router\layer.js:95:5)
          at C:\Users\SeanCodyManliclic\OneDrive - smu.edu.ph\Documents\SIA_Cen
tralAdminDashboard\node_modules\express\lib\router\index.js:284:15
          at router.process_params (C:\Users\SeanCodyManliclic\OneDrive - smu.e
du.ph\Documents\SIA_CentralAdminDashboard\node_modules\express\lib\router\index
.js:346:12)
          at next (C:\Users\SeanCodyManliclic\OneDrive - smu.edu.ph\Documents\S
IA_CentralAdminDashboard\node_modules\express\lib\router\index.js:280:10)
          at router.handle (C:\Users\SeanCodyManliclic\OneDrive - smu.edu.ph\Do
cuments\SIA_CentralAdminDashboard\node_modules\express\lib\router\index.js:175:
3)
          at router (C:\Users\SeanCodyManliclic\OneDrive - smu.edu.ph\Documents
\SIA_CentralAdminDashboard\node_modules\express\lib\router\index.js:47:12)
          at Layer.handle [as handle_request] 
(C:\Users\SeanCodyManliclic\OneDrive - smu.edu.ph\Documents\SIA_CentralAdminDas
hboard\node_modules\express\lib\router\layer.js:95:5)
          at trim_prefix (C:\Users\SeanCodyManliclic\OneDrive - smu.edu.ph\Docu
ments\SIA_CentralAdminDashboard\node_modules\express\lib\router\index.js:328:13
)
          at C:\Users\SeanCodyManliclic\OneDrive - smu.edu.ph\Documents\SIA_Cen
tralAdminDashboard\node_modules\express\lib\router\index.js:286:9
          at router.process_params (C:\Users\SeanCodyManliclic\OneDrive - smu.e
du.ph\Documents\SIA_CentralAdminDashboard\node_modules\express\lib\router\index
.js:346:12)
          at next (C:\Users\SeanCodyManliclic\OneDrive - smu.edu.ph\Documents\S
IA_CentralAdminDashboard\node_modules\express\lib\router\index.js:280:10)
          at router.handle (C:\Users\SeanCodyManliclic\OneDrive - smu.edu.ph\Do
cuments\SIA_CentralAdminDashboard\node_modules\express\lib\router\index.js:175:
3)
          at router (C:\Users\SeanCodyManliclic\OneDrive - smu.edu.ph\Documents
\SIA_CentralAdminDashboard\node_modules\express\lib\router\index.js:47:12)
          at Layer.handle [as handle_request] 
(C:\Users\SeanCodyManliclic\OneDrive - smu.edu.ph\Documents\SIA_CentralAdminDas
hboard\node_modules\express\lib\router\layer.js:95:5)
          at trim_prefix (C:\Users\SeanCodyManliclic\OneDrive - smu.edu.ph\Docu
ments\SIA_CentralAdminDashboard\node_modules\express\lib\router\index.js:328:13
)
          at C:\Users\SeanCodyManliclic\OneDrive - smu.edu.ph\Documents\SIA_Cen
tralAdminDashboard\node_modules\express\lib\router\index.js:286:9
          at router.process_params (C:\Users\SeanCodyManliclic\OneDrive - smu.e
du.ph\Documents\SIA_CentralAdminDashboard\node_modules\express\lib\router\index
.js:346:12)
          at next (C:\Users\SeanCodyManliclic\OneDrive - smu.edu.ph\Documents\S
IA_CentralAdminDashboard\node_modules\express\lib\router\index.js:280:10)
          at logger (C:\Users\SeanCodyManliclic\OneDrive - smu.edu.ph\Documents
\SIA_CentralAdminDashboard\node_modules\morgan\index.js:144:5)
          at Layer.handle [as handle_request] 
(C:\Users\SeanCodyManliclic\OneDrive - smu.edu.ph\Documents\SIA_CentralAdminDas
hboard\node_modules\express\lib\router\layer.js:95:5)
          at trim_prefix (C:\Users\SeanCodyManliclic\OneDrive - smu.edu.ph\Docu
ments\SIA_CentralAdminDashboard\node_modules\express\lib\router\index.js:328:13
)
          at C:\Users\SeanCodyManliclic\OneDrive - smu.edu.ph\Documents\SIA_Cen
tralAdminDashboard\node_modules\express\lib\router\index.js:286:9
          at router.process_params (C:\Users\SeanCodyManliclic\OneDrive - smu.e
du.ph\Documents\SIA_CentralAdminDashboard\node_modules\express\lib\router\index
.js:346:12)
          at next (C:\Users\SeanCodyManliclic\OneDrive - smu.edu.ph\Documents\S
IA_CentralAdminDashboard\node_modules\express\lib\router\index.js:280:10)
          at cookieParser (C:\Users\SeanCodyManliclic\OneDrive - smu.edu.ph\Doc
uments\SIA_CentralAdminDashboard\node_modules\cookie-parser\index.js:57:14)
          at Layer.handle [as handle_request] 
(C:\Users\SeanCodyManliclic\OneDrive - smu.edu.ph\Documents\SIA_CentralAdminDas
hboard\node_modules\express\lib\router\layer.js:95:5)
          at trim_prefix (C:\Users\SeanCodyManliclic\OneDrive - smu.edu.ph\Docu
ments\SIA_CentralAdminDashboard\node_modules\express\lib\router\index.js:328:13
)
          at C:\Users\SeanCodyManliclic\OneDrive - smu.edu.ph\Documents\SIA_Cen
tralAdminDashboard\node_modules\express\lib\router\index.js:286:9
          at router.process_params (C:\Users\SeanCodyManliclic\OneDrive - smu.e
du.ph\Documents\SIA_CentralAdminDashboard\node_modules\express\lib\router\index
.js:346:12)
          at next (C:\Users\SeanCodyManliclic\OneDrive - smu.edu.ph\Documents\S
IA_CentralAdminDashboard\node_modules\express\lib\router\index.js:280:10)
          at jsonParser (C:\Users\SeanCodyManliclic\OneDrive - smu.edu.ph\Docum
ents\SIA_CentralAdminDashboard\node_modules\body-parser\lib\types\json.js:122:7
)
          at Layer.handle [as handle_request] 
(C:\Users\SeanCodyManliclic\OneDrive - smu.edu.ph\Documents\SIA_CentralAdminDas
hboard\node_modules\express\lib\router\layer.js:95:5)
          at trim_prefix (C:\Users\SeanCodyManliclic\OneDrive - smu.edu.ph\Docu
ments\SIA_CentralAdminDashboard\node_modules\express\lib\router\index.js:328:13
)
          at C:\Users\SeanCodyManliclic\OneDrive - smu.edu.ph\Documents\SIA_Cen
tralAdminDashboard\node_modules\express\lib\router\index.js:286:9
          at router.process_params (C:\Users\SeanCodyManliclic\OneDrive - smu.e
du.ph\Documents\SIA_CentralAdminDashboard\node_modules\express\lib\router\index
.js:346:12)
          at next (C:\Users\SeanCodyManliclic\OneDrive - smu.edu.ph\Documents\S
IA_CentralAdminDashboard\node_modules\express\lib\router\index.js:280:10)
          at cors (C:\Users\SeanCodyManliclic\OneDrive - smu.edu.ph\Documents\S
IA_CentralAdminDashboard\node_modules\cors\lib\index.js:188:7)
          at C:\Users\SeanCodyManliclic\OneDrive - smu.edu.ph\Documents\SIA_Cen
tralAdminDashboard\node_modules\cors\lib\index.js:224:17
          at originCallback (C:\Users\SeanCodyManliclic\OneDrive - smu.edu.ph\D
ocuments\SIA_CentralAdminDashboard\node_modules\cors\lib\index.js:214:15)
          at C:\Users\SeanCodyManliclic\OneDrive - smu.edu.ph\Documents\SIA_Cen
tralAdminDashboard\node_modules\cors\lib\index.js:219:13
          at optionsCallback (C:\Users\SeanCodyManliclic\OneDrive - smu.edu.ph\
Documents\SIA_CentralAdminDashboard\node_modules\cors\lib\index.js:199:9)
          at corsMiddleware (C:\Users\SeanCodyManliclic\OneDrive - smu.edu.ph\D
ocuments\SIA_CentralAdminDashboard\node_modules\cors\lib\index.js:204:7)
          at Layer.handle [as handle_request] 
(C:\Users\SeanCodyManliclic\OneDrive - smu.edu.ph\Documents\SIA_CentralAdminDas
hboard\node_modules\express\lib\router\layer.js:95:5)
          at trim_prefix (C:\Users\SeanCodyManliclic\OneDrive - smu.edu.ph\Docu
ments\SIA_CentralAdminDashboard\node_modules\express\lib\router\index.js:328:13
)
          at C:\Users\SeanCodyManliclic\OneDrive - smu.edu.ph\Documents\SIA_Cen
tralAdminDashboard\node_modules\express\lib\router\index.js:286:9
          at router.process_params (C:\Users\SeanCodyManliclic\OneDrive - smu.e
du.ph\Documents\SIA_CentralAdminDashboard\node_modules\express\lib\router\index
.js:346:12)
          at next (C:\Users\SeanCodyManliclic\OneDrive - smu.edu.ph\Documents\S
IA_CentralAdminDashboard\node_modules\express\lib\router\index.js:280:10)
          at internalNext (C:\Users\SeanCodyManliclic\OneDrive - smu.edu.ph\Doc
uments\SIA_CentralAdminDashboard\node_modules\helmet\index.cjs:527:6)
          at xXssProtectionMiddleware (C:\Users\SeanCodyManliclic\OneDrive - sm
u.edu.ph\Documents\SIA_CentralAdminDashboard\node_modules\helmet\index.cjs:307:
3)
          at internalNext (C:\Users\SeanCodyManliclic\OneDrive - smu.edu.ph\Doc
uments\SIA_CentralAdminDashboard\node_modules\helmet\index.cjs:525:6)
          at xPoweredByMiddleware (C:\Users\SeanCodyManliclic\OneDrive - smu.ed
u.ph\Documents\SIA_CentralAdminDashboard\node_modules\helmet\index.cjs:300:3)
          at internalNext (C:\Users\SeanCodyManliclic\OneDrive - smu.edu.ph\Doc
uments\SIA_CentralAdminDashboard\node_modules\helmet\index.cjs:525:6)
          at xPermittedCrossDomainPoliciesMiddleware 
(C:\Users\SeanCodyManliclic\OneDrive - smu.edu.ph\Documents\SIA_CentralAdminDas
hboard\node_modules\helmet\index.cjs:293:3)
          at internalNext (C:\Users\SeanCodyManliclic\OneDrive - smu.edu.ph\Doc
uments\SIA_CentralAdminDashboard\node_modules\helmet\index.cjs:525:6)
          at xFrameOptionsMiddleware (C:\Users\SeanCodyManliclic\OneDrive - smu
.edu.ph\Documents\SIA_CentralAdminDashboard\node_modules\helmet\index.cjs:277:3
)
          at internalNext (C:\Users\SeanCodyManliclic\OneDrive - smu.edu.ph\Doc
uments\SIA_CentralAdminDashboard\node_modules\helmet\index.cjs:525:6)
          at xDownloadOptionsMiddleware (C:\Users\SeanCodyManliclic\OneDrive - 
smu.edu.ph\Documents\SIA_CentralAdminDashboard\node_modules\helmet\index.cjs:25
7:3)
          at internalNext (C:\Users\SeanCodyManliclic\OneDrive - smu.edu.ph\Doc
uments\SIA_CentralAdminDashboard\node_modules\helmet\index.cjs:525:6)
          at xDnsPrefetchControlMiddleware 
(C:\Users\SeanCodyManliclic\OneDrive - smu.edu.ph\Documents\SIA_CentralAdminDas
hboard\node_modules\helmet\index.cjs:250:3)
          at internalNext (C:\Users\SeanCodyManliclic\OneDrive - smu.edu.ph\Doc
uments\SIA_CentralAdminDashboard\node_modules\helmet\index.cjs:525:6)
          at xContentTypeOptionsMiddleware 
(C:\Users\SeanCodyManliclic\OneDrive - smu.edu.ph\Documents\SIA_CentralAdminDas
hboard\node_modules\helmet\index.cjs:242:3)
          at internalNext (C:\Users\SeanCodyManliclic\OneDrive - smu.edu.ph\Doc
uments\SIA_CentralAdminDashboard\node_modules\helmet\index.cjs:525:6)
          at strictTransportSecurityMiddleware 
(C:\Users\SeanCodyManliclic\OneDrive - smu.edu.ph\Documents\SIA_CentralAdminDas
hboard\node_modules\helmet\index.cjs:235:3)
          at internalNext (C:\Users\SeanCodyManliclic\OneDrive - smu.edu.ph\Doc
uments\SIA_CentralAdminDashboard\node_modules\helmet\index.cjs:525:6)
          at referrerPolicyMiddleware (C:\Users\SeanCodyManliclic\OneDrive - sm
u.edu.ph\Documents\SIA_CentralAdminDashboard\node_modules\helmet\index.cjs:203:
3)
          at internalNext (C:\Users\SeanCodyManliclic\OneDrive - smu.edu.ph\Doc
uments\SIA_CentralAdminDashboard\node_modules\helmet\index.cjs:525:6)
          at originAgentClusterMiddleware (C:\Users\SeanCodyManliclic\OneDrive 
- smu.edu.ph\Documents\SIA_CentralAdminDashboard\node_modules\helmet\index.cjs:
178:3)
          at internalNext (C:\Users\SeanCodyManliclic\OneDrive - smu.edu.ph\Doc
uments\SIA_CentralAdminDashboard\node_modules\helmet\index.cjs:525:6)
          at crossOriginResourcePolicyMiddleware 
(C:\Users\SeanCodyManliclic\OneDrive - smu.edu.ph\Documents\SIA_CentralAdminDas
hboard\node_modules\helmet\index.cjs:171:3)
          at internalNext (C:\Users\SeanCodyManliclic\OneDrive - smu.edu.ph\Doc
uments\SIA_CentralAdminDashboard\node_modules\helmet\index.cjs:525:6)
          at crossOriginOpenerPolicyMiddleware 
(C:\Users\SeanCodyManliclic\OneDrive - smu.edu.ph\Documents\SIA_CentralAdminDas
hboard\node_modules\helmet\index.cjs:155:3)
          at internalNext (C:\Users\SeanCodyManliclic\OneDrive - smu.edu.ph\Doc
uments\SIA_CentralAdminDashboard\node_modules\helmet\index.cjs:525:6)
          at contentSecurityPolicyMiddleware 
(C:\Users\SeanCodyManliclic\OneDrive - smu.edu.ph\Documents\SIA_CentralAdminDas
hboard\node_modules\helmet\index.cjs:120:4)
          at internalNext (C:\Users\SeanCodyManliclic\OneDrive - smu.edu.ph\Doc
uments\SIA_CentralAdminDashboard\node_modules\helmet\index.cjs:525:6)
          at helmetMiddleware (C:\Users\SeanCodyManliclic\OneDrive - smu.edu.ph
\Documents\SIA_CentralAdminDashboard\node_modules\helmet\index.cjs:529:6)
          at Layer.handle [as handle_request] 
(C:\Users\SeanCodyManliclic\OneDrive - smu.edu.ph\Documents\SIA_CentralAdminDas
hboard\node_modules\express\lib\router\layer.js:95:5)
          at trim_prefix (C:\Users\SeanCodyManliclic\OneDrive - smu.edu.ph\Docu
ments\SIA_CentralAdminDashboard\node_modules\express\lib\router\index.js:328:13
)
          at C:\Users\SeanCodyManliclic\OneDrive - smu.edu.ph\Documents\SIA_Cen
tralAdminDashboard\node_modules\express\lib\router\index.js:286:9
          at router.process_params (C:\Users\SeanCodyManliclic\OneDrive - smu.e
du.ph\Documents\SIA_CentralAdminDashboard\node_modules\express\lib\router\index
.js:346:12)
          at next (C:\Users\SeanCodyManliclic\OneDrive - smu.edu.ph\Documents\S
IA_CentralAdminDashboard\node_modules\express\lib\router\index.js:280:10)
          at expressInit (C:\Users\SeanCodyManliclic\OneDrive - smu.edu.ph\Docu
ments\SIA_CentralAdminDashboard\node_modules\express\lib\middleware\init.js:40:
5)
          at Layer.handle [as handle_request] 
(C:\Users\SeanCodyManliclic\OneDrive - smu.edu.ph\Documents\SIA_CentralAdminDas
hboard\node_modules\express\lib\router\layer.js:95:5)
          at trim_prefix (C:\Users\SeanCodyManliclic\OneDrive - smu.edu.ph\Docu
ments\SIA_CentralAdminDashboard\node_modules\express\lib\router\index.js:328:13
)
          at C:\Users\SeanCodyManliclic\OneDrive - smu.edu.ph\Documents\SIA_Cen
tralAdminDashboard\node_modules\express\lib\router\index.js:286:9
          at router.process_params (C:\Users\SeanCodyManliclic\OneDrive - smu.e
du.ph\Documents\SIA_CentralAdminDashboard\node_modules\express\lib\router\index
.js:346:12)
          at next (C:\Users\SeanCodyManliclic\OneDrive - smu.edu.ph\Documents\S
IA_CentralAdminDashboard\node_modules\express\lib\router\index.js:280:10)
          at query (C:\Users\SeanCodyManliclic\OneDrive - smu.edu.ph\Documents\
SIA_CentralAdminDashboard\node_modules\express\lib\middleware\query.js:45:5)
          at Layer.handle [as handle_request] 
(C:\Users\SeanCodyManliclic\OneDrive - smu.edu.ph\Documents\SIA_CentralAdminDas
hboard\node_modules\express\lib\router\layer.js:95:5)
          at trim_prefix (C:\Users\SeanCodyManliclic\OneDrive - smu.edu.ph\Docu
ments\SIA_CentralAdminDashboard\node_modules\express\lib\router\index.js:328:13
)
          at C:\Users\SeanCodyManliclic\OneDrive - smu.edu.ph\Documents\SIA_Cen
tralAdminDashboard\node_modules\express\lib\router\index.js:286:9
          at router.process_params (C:\Users\SeanCodyManliclic\OneDrive - smu.e
du.ph\Documents\SIA_CentralAdminDashboard\node_modules\express\lib\router\index
.js:346:12)
          at next (C:\Users\SeanCodyManliclic\OneDrive - smu.edu.ph\Documents\S
IA_CentralAdminDashboard\node_modules\express\lib\router\index.js:280:10)
          at router.handle (C:\Users\SeanCodyManliclic\OneDrive - smu.edu.ph\Do
cuments\SIA_CentralAdminDashboard\node_modules\express\lib\router\index.js:175:
3)
          at app.handle (C:\Users\SeanCodyManliclic\OneDrive - smu.edu.ph\Docum
ents\SIA_CentralAdminDashboard\node_modules\express\lib\application.js:181:10)

    [0m [90m 46 |[39m   [90m// 1. Always log the full error server-side 
(stack, message, everything).[39m
     [90m 47 |[39m   [90m//    This is the ONLY place the stack trace is 
written; it never leaves the server.[39m
    [31m[1m>[22m[39m[90m 48 |[39m   
console[33m.[39merror([32m'[errorHandler]'[39m[33m,[39m 
err[33m.[39mstack [33m||[39m err)[33m;[39m
     [90m    |[39m           [31m[1m^[22m[39m
     [90m 49 |[39m
     [90m 50 |[39m   [90m// ΓöÇΓöÇ 2. Map error types to status codes and 
safe client messages ΓöÇΓöÇΓöÇΓöÇΓöÇΓöÇΓöÇΓöÇΓöÇΓöÇΓöÇΓöÇΓöÇΓöÇ[39m
     [90m 51 |[39m[0m

      at error (src/middleware/errorHandler.js:48:11)
      at Layer.handle_error (../node_modules/express/lib/router/layer.js:71:5)
      at trim_prefix (../node_modules/express/lib/router/index.js:326:13)
      at ../node_modules/express/lib/router/index.js:286:9
      at router.process_params 
(../node_modules/express/lib/router/index.js:346:12)
      at next (../node_modules/express/lib/router/index.js:280:10)
      at Layer.handle_error (../node_modules/express/lib/router/layer.js:67:12)
      at trim_prefix (../node_modules/express/lib/router/index.js:326:13)
      at ../node_modules/express/lib/router/index.js:286:9
      at router.process_params 
(../node_modules/express/lib/router/index.js:346:12)
      at Immediate.next (../node_modules/express/lib/router/index.js:280:10)
      at Immediate._onImmediate 
(../node_modules/express/lib/router/index.js:646:15)

    console.error
      [errorHandler] AppError: Invalid email or password
          at loginUser (C:\Users\SeanCodyManliclic\OneDrive - smu.edu.ph\Docume
nts\SIA_CentralAdminDashboard\backend\src\controllers\auth.controller.js:111:19
)

    [0m [90m 46 |[39m   [90m// 1. Always log the full error server-side 
(stack, message, everything).[39m
     [90m 47 |[39m   [90m//    This is the ONLY place the stack trace is 
written; it never leaves the server.[39m
    [31m[1m>[22m[39m[90m 48 |[39m   
console[33m.[39merror([32m'[errorHandler]'[39m[33m,[39m 
err[33m.[39mstack [33m||[39m err)[33m;[39m
     [90m    |[39m           [31m[1m^[22m[39m
     [90m 49 |[39m
     [90m 50 |[39m   [90m// ΓöÇΓöÇ 2. Map error types to status codes and 
safe client messages ΓöÇΓöÇΓöÇΓöÇΓöÇΓöÇΓöÇΓöÇΓöÇΓöÇΓöÇΓöÇΓöÇΓöÇ[39m
     [90m 51 |[39m[0m

      at error (src/middleware/errorHandler.js:48:11)
      at Layer.handle_error (../node_modules/express/lib/router/layer.js:71:5)
      at trim_prefix (../node_modules/express/lib/router/index.js:326:13)
      at ../node_modules/express/lib/router/index.js:286:9
      at router.process_params 
(../node_modules/express/lib/router/index.js:346:12)
      at next (../node_modules/express/lib/router/index.js:280:10)
      at Layer.handle_error (../node_modules/express/lib/router/layer.js:67:12)
      at trim_prefix (../node_modules/express/lib/router/index.js:326:13)
      at ../node_modules/express/lib/router/index.js:286:9
      at router.process_params 
(../node_modules/express/lib/router/index.js:346:12)
      at Immediate.next (../node_modules/express/lib/router/index.js:280:10)
      at Immediate._onImmediate 
(../node_modules/express/lib/router/index.js:646:15)

    console.error
      [errorHandler] AppError: No refresh token
          at refreshToken (C:\Users\SeanCodyManliclic\OneDrive - smu.edu.ph\Doc
uments\SIA_CentralAdminDashboard\backend\src\controllers\auth.controller.js:154
:19)
          at Layer.handle [as handle_request] 
(C:\Users\SeanCodyManliclic\OneDrive - smu.edu.ph\Documents\SIA_CentralAdminDas
hboard\node_modules\express\lib\router\layer.js:95:5)
          at next (C:\Users\SeanCodyManliclic\OneDrive - smu.edu.ph\Documents\S
IA_CentralAdminDashboard\node_modules\express\lib\router\route.js:149:13)
          at Route.dispatch (C:\Users\SeanCodyManliclic\OneDrive - smu.edu.ph\D
ocuments\SIA_CentralAdminDashboard\node_modules\express\lib\router\route.js:119
:3)
          at Layer.handle [as handle_request] 
(C:\Users\SeanCodyManliclic\OneDrive - smu.edu.ph\Documents\SIA_CentralAdminDas
hboard\node_modules\express\lib\router\layer.js:95:5)
          at C:\Users\SeanCodyManliclic\OneDrive - smu.edu.ph\Documents\SIA_Cen
tralAdminDashboard\node_modules\express\lib\router\index.js:284:15
          at router.process_params (C:\Users\SeanCodyManliclic\OneDrive - smu.e
du.ph\Documents\SIA_CentralAdminDashboard\node_modules\express\lib\router\index
.js:346:12)
          at next (C:\Users\SeanCodyManliclic\OneDrive - smu.edu.ph\Documents\S
IA_CentralAdminDashboard\node_modules\express\lib\router\index.js:280:10)
          at router.handle (C:\Users\SeanCodyManliclic\OneDrive - smu.edu.ph\Do
cuments\SIA_CentralAdminDashboard\node_modules\express\lib\router\index.js:175:
3)
          at router (C:\Users\SeanCodyManliclic\OneDrive - smu.edu.ph\Documents
\SIA_CentralAdminDashboard\node_modules\express\lib\router\index.js:47:12)
          at Layer.handle [as handle_request] 
(C:\Users\SeanCodyManliclic\OneDrive - smu.edu.ph\Documents\SIA_CentralAdminDas
hboard\node_modules\express\lib\router\layer.js:95:5)
          at trim_prefix (C:\Users\SeanCodyManliclic\OneDrive - smu.edu.ph\Docu
ments\SIA_CentralAdminDashboard\node_modules\express\lib\router\index.js:328:13
)
          at C:\Users\SeanCodyManliclic\OneDrive - smu.edu.ph\Documents\SIA_Cen
tralAdminDashboard\node_modules\express\lib\router\index.js:286:9
          at router.process_params (C:\Users\SeanCodyManliclic\OneDrive - smu.e
du.ph\Documents\SIA_CentralAdminDashboard\node_modules\express\lib\router\index
.js:346:12)
          at next (C:\Users\SeanCodyManliclic\OneDrive - smu.edu.ph\Documents\S
IA_CentralAdminDashboard\node_modules\express\lib\router\index.js:280:10)
          at router.handle (C:\Users\SeanCodyManliclic\OneDrive - smu.edu.ph\Do
cuments\SIA_CentralAdminDashboard\node_modules\express\lib\router\index.js:175:
3)
          at router (C:\Users\SeanCodyManliclic\OneDrive - smu.edu.ph\Documents
\SIA_CentralAdminDashboard\node_modules\express\lib\router\index.js:47:12)
          at Layer.handle [as handle_request] 
(C:\Users\SeanCodyManliclic\OneDrive - smu.edu.ph\Documents\SIA_CentralAdminDas
hboard\node_modules\express\lib\router\layer.js:95:5)
          at trim_prefix (C:\Users\SeanCodyManliclic\OneDrive - smu.edu.ph\Docu
ments\SIA_CentralAdminDashboard\node_modules\express\lib\router\index.js:328:13
)
          at C:\Users\SeanCodyManliclic\OneDrive - smu.edu.ph\Documents\SIA_Cen
tralAdminDashboard\node_modules\express\lib\router\index.js:286:9
          at router.process_params (C:\Users\SeanCodyManliclic\OneDrive - smu.e
du.ph\Documents\SIA_CentralAdminDashboard\node_modules\express\lib\router\index
.js:346:12)
          at next (C:\Users\SeanCodyManliclic\OneDrive - smu.edu.ph\Documents\S
IA_CentralAdminDashboard\node_modules\express\lib\router\index.js:280:10)
          at logger (C:\Users\SeanCodyManliclic\OneDrive - smu.edu.ph\Documents
\SIA_CentralAdminDashboard\node_modules\morgan\index.js:144:5)
          at Layer.handle [as handle_request] 
(C:\Users\SeanCodyManliclic\OneDrive - smu.edu.ph\Documents\SIA_CentralAdminDas
hboard\node_modules\express\lib\router\layer.js:95:5)
          at trim_prefix (C:\Users\SeanCodyManliclic\OneDrive - smu.edu.ph\Docu
ments\SIA_CentralAdminDashboard\node_modules\express\lib\router\index.js:328:13
)
          at C:\Users\SeanCodyManliclic\OneDrive - smu.edu.ph\Documents\SIA_Cen
tralAdminDashboard\node_modules\express\lib\router\index.js:286:9
          at router.process_params (C:\Users\SeanCodyManliclic\OneDrive - smu.e
du.ph\Documents\SIA_CentralAdminDashboard\node_modules\express\lib\router\index
.js:346:12)
          at next (C:\Users\SeanCodyManliclic\OneDrive - smu.edu.ph\Documents\S
IA_CentralAdminDashboard\node_modules\express\lib\router\index.js:280:10)
          at cookieParser (C:\Users\SeanCodyManliclic\OneDrive - smu.edu.ph\Doc
uments\SIA_CentralAdminDashboard\node_modules\cookie-parser\index.js:57:14)
          at Layer.handle [as handle_request] 
(C:\Users\SeanCodyManliclic\OneDrive - smu.edu.ph\Documents\SIA_CentralAdminDas
hboard\node_modules\express\lib\router\layer.js:95:5)
          at trim_prefix (C:\Users\SeanCodyManliclic\OneDrive - smu.edu.ph\Docu
ments\SIA_CentralAdminDashboard\node_modules\express\lib\router\index.js:328:13
)
          at C:\Users\SeanCodyManliclic\OneDrive - smu.edu.ph\Documents\SIA_Cen
tralAdminDashboard\node_modules\express\lib\router\index.js:286:9
          at router.process_params (C:\Users\SeanCodyManliclic\OneDrive - smu.e
du.ph\Documents\SIA_CentralAdminDashboard\node_modules\express\lib\router\index
.js:346:12)
          at next (C:\Users\SeanCodyManliclic\OneDrive - smu.edu.ph\Documents\S
IA_CentralAdminDashboard\node_modules\express\lib\router\index.js:280:10)
          at jsonParser (C:\Users\SeanCodyManliclic\OneDrive - smu.edu.ph\Docum
ents\SIA_CentralAdminDashboard\node_modules\body-parser\lib\types\json.js:122:7
)
          at Layer.handle [as handle_request] 
(C:\Users\SeanCodyManliclic\OneDrive - smu.edu.ph\Documents\SIA_CentralAdminDas
hboard\node_modules\express\lib\router\layer.js:95:5)
          at trim_prefix (C:\Users\SeanCodyManliclic\OneDrive - smu.edu.ph\Docu
ments\SIA_CentralAdminDashboard\node_modules\express\lib\router\index.js:328:13
)
          at C:\Users\SeanCodyManliclic\OneDrive - smu.edu.ph\Documents\SIA_Cen
tralAdminDashboard\node_modules\express\lib\router\index.js:286:9
          at router.process_params (C:\Users\SeanCodyManliclic\OneDrive - smu.e
du.ph\Documents\SIA_CentralAdminDashboard\node_modules\express\lib\router\index
.js:346:12)
          at next (C:\Users\SeanCodyManliclic\OneDrive - smu.edu.ph\Documents\S
IA_CentralAdminDashboard\node_modules\express\lib\router\index.js:280:10)
          at cors (C:\Users\SeanCodyManliclic\OneDrive - smu.edu.ph\Documents\S
IA_CentralAdminDashboard\node_modules\cors\lib\index.js:188:7)
          at C:\Users\SeanCodyManliclic\OneDrive - smu.edu.ph\Documents\SIA_Cen
tralAdminDashboard\node_modules\cors\lib\index.js:224:17
          at originCallback (C:\Users\SeanCodyManliclic\OneDrive - smu.edu.ph\D
ocuments\SIA_CentralAdminDashboard\node_modules\cors\lib\index.js:214:15)
          at C:\Users\SeanCodyManliclic\OneDrive - smu.edu.ph\Documents\SIA_Cen
tralAdminDashboard\node_modules\cors\lib\index.js:219:13
          at optionsCallback (C:\Users\SeanCodyManliclic\OneDrive - smu.edu.ph\
Documents\SIA_CentralAdminDashboard\node_modules\cors\lib\index.js:199:9)
          at corsMiddleware (C:\Users\SeanCodyManliclic\OneDrive - smu.edu.ph\D
ocuments\SIA_CentralAdminDashboard\node_modules\cors\lib\index.js:204:7)
          at Layer.handle [as handle_request] 
(C:\Users\SeanCodyManliclic\OneDrive - smu.edu.ph\Documents\SIA_CentralAdminDas
hboard\node_modules\express\lib\router\layer.js:95:5)
          at trim_prefix (C:\Users\SeanCodyManliclic\OneDrive - smu.edu.ph\Docu
ments\SIA_CentralAdminDashboard\node_modules\express\lib\router\index.js:328:13
)
          at C:\Users\SeanCodyManliclic\OneDrive - smu.edu.ph\Documents\SIA_Cen
tralAdminDashboard\node_modules\express\lib\router\index.js:286:9
          at router.process_params (C:\Users\SeanCodyManliclic\OneDrive - smu.e
du.ph\Documents\SIA_CentralAdminDashboard\node_modules\express\lib\router\index
.js:346:12)
          at next (C:\Users\SeanCodyManliclic\OneDrive - smu.edu.ph\Documents\S
IA_CentralAdminDashboard\node_modules\express\lib\router\index.js:280:10)
          at internalNext (C:\Users\SeanCodyManliclic\OneDrive - smu.edu.ph\Doc
uments\SIA_CentralAdminDashboard\node_modules\helmet\index.cjs:527:6)
          at xXssProtectionMiddleware (C:\Users\SeanCodyManliclic\OneDrive - sm
u.edu.ph\Documents\SIA_CentralAdminDashboard\node_modules\helmet\index.cjs:307:
3)
          at internalNext (C:\Users\SeanCodyManliclic\OneDrive - smu.edu.ph\Doc
uments\SIA_CentralAdminDashboard\node_modules\helmet\index.cjs:525:6)
          at xPoweredByMiddleware (C:\Users\SeanCodyManliclic\OneDrive - smu.ed
u.ph\Documents\SIA_CentralAdminDashboard\node_modules\helmet\index.cjs:300:3)
          at internalNext (C:\Users\SeanCodyManliclic\OneDrive - smu.edu.ph\Doc
uments\SIA_CentralAdminDashboard\node_modules\helmet\index.cjs:525:6)
          at xPermittedCrossDomainPoliciesMiddleware 
(C:\Users\SeanCodyManliclic\OneDrive - smu.edu.ph\Documents\SIA_CentralAdminDas
hboard\node_modules\helmet\index.cjs:293:3)
          at internalNext (C:\Users\SeanCodyManliclic\OneDrive - smu.edu.ph\Doc
uments\SIA_CentralAdminDashboard\node_modules\helmet\index.cjs:525:6)
          at xFrameOptionsMiddleware (C:\Users\SeanCodyManliclic\OneDrive - smu
.edu.ph\Documents\SIA_CentralAdminDashboard\node_modules\helmet\index.cjs:277:3
)
          at internalNext (C:\Users\SeanCodyManliclic\OneDrive - smu.edu.ph\Doc
uments\SIA_CentralAdminDashboard\node_modules\helmet\index.cjs:525:6)
          at xDownloadOptionsMiddleware (C:\Users\SeanCodyManliclic\OneDrive - 
smu.edu.ph\Documents\SIA_CentralAdminDashboard\node_modules\helmet\index.cjs:25
7:3)
          at internalNext (C:\Users\SeanCodyManliclic\OneDrive - smu.edu.ph\Doc
uments\SIA_CentralAdminDashboard\node_modules\helmet\index.cjs:525:6)
          at xDnsPrefetchControlMiddleware 
(C:\Users\SeanCodyManliclic\OneDrive - smu.edu.ph\Documents\SIA_CentralAdminDas
hboard\node_modules\helmet\index.cjs:250:3)
          at internalNext (C:\Users\SeanCodyManliclic\OneDrive - smu.edu.ph\Doc
uments\SIA_CentralAdminDashboard\node_modules\helmet\index.cjs:525:6)
          at xContentTypeOptionsMiddleware 
(C:\Users\SeanCodyManliclic\OneDrive - smu.edu.ph\Documents\SIA_CentralAdminDas
hboard\node_modules\helmet\index.cjs:242:3)
          at internalNext (C:\Users\SeanCodyManliclic\OneDrive - smu.edu.ph\Doc
uments\SIA_CentralAdminDashboard\node_modules\helmet\index.cjs:525:6)
          at strictTransportSecurityMiddleware 
(C:\Users\SeanCodyManliclic\OneDrive - smu.edu.ph\Documents\SIA_CentralAdminDas
hboard\node_modules\helmet\index.cjs:235:3)
          at internalNext (C:\Users\SeanCodyManliclic\OneDrive - smu.edu.ph\Doc
uments\SIA_CentralAdminDashboard\node_modules\helmet\index.cjs:525:6)
          at referrerPolicyMiddleware (C:\Users\SeanCodyManliclic\OneDrive - sm
u.edu.ph\Documents\SIA_CentralAdminDashboard\node_modules\helmet\index.cjs:203:
3)
          at internalNext (C:\Users\SeanCodyManliclic\OneDrive - smu.edu.ph\Doc
uments\SIA_CentralAdminDashboard\node_modules\helmet\index.cjs:525:6)
          at originAgentClusterMiddleware (C:\Users\SeanCodyManliclic\OneDrive 
- smu.edu.ph\Documents\SIA_CentralAdminDashboard\node_modules\helmet\index.cjs:
178:3)
          at internalNext (C:\Users\SeanCodyManliclic\OneDrive - smu.edu.ph\Doc
uments\SIA_CentralAdminDashboard\node_modules\helmet\index.cjs:525:6)
          at crossOriginResourcePolicyMiddleware 
(C:\Users\SeanCodyManliclic\OneDrive - smu.edu.ph\Documents\SIA_CentralAdminDas
hboard\node_modules\helmet\index.cjs:171:3)
          at internalNext (C:\Users\SeanCodyManliclic\OneDrive - smu.edu.ph\Doc
uments\SIA_CentralAdminDashboard\node_modules\helmet\index.cjs:525:6)
          at crossOriginOpenerPolicyMiddleware 
(C:\Users\SeanCodyManliclic\OneDrive - smu.edu.ph\Documents\SIA_CentralAdminDas
hboard\node_modules\helmet\index.cjs:155:3)
          at internalNext (C:\Users\SeanCodyManliclic\OneDrive - smu.edu.ph\Doc
uments\SIA_CentralAdminDashboard\node_modules\helmet\index.cjs:525:6)
          at contentSecurityPolicyMiddleware 
(C:\Users\SeanCodyManliclic\OneDrive - smu.edu.ph\Documents\SIA_CentralAdminDas
hboard\node_modules\helmet\index.cjs:120:4)
          at internalNext (C:\Users\SeanCodyManliclic\OneDrive - smu.edu.ph\Doc
uments\SIA_CentralAdminDashboard\node_modules\helmet\index.cjs:525:6)
          at helmetMiddleware (C:\Users\SeanCodyManliclic\OneDrive - smu.edu.ph
\Documents\SIA_CentralAdminDashboard\node_modules\helmet\index.cjs:529:6)
          at Layer.handle [as handle_request] 
(C:\Users\SeanCodyManliclic\OneDrive - smu.edu.ph\Documents\SIA_CentralAdminDas
hboard\node_modules\express\lib\router\layer.js:95:5)
          at trim_prefix (C:\Users\SeanCodyManliclic\OneDrive - smu.edu.ph\Docu
ments\SIA_CentralAdminDashboard\node_modules\express\lib\router\index.js:328:13
)
          at C:\Users\SeanCodyManliclic\OneDrive - smu.edu.ph\Documents\SIA_Cen
tralAdminDashboard\node_modules\express\lib\router\index.js:286:9
          at router.process_params (C:\Users\SeanCodyManliclic\OneDrive - smu.e
du.ph\Documents\SIA_CentralAdminDashboard\node_modules\express\lib\router\index
.js:346:12)
          at next (C:\Users\SeanCodyManliclic\OneDrive - smu.edu.ph\Documents\S
IA_CentralAdminDashboard\node_modules\express\lib\router\index.js:280:10)
          at expressInit (C:\Users\SeanCodyManliclic\OneDrive - smu.edu.ph\Docu
ments\SIA_CentralAdminDashboard\node_modules\express\lib\middleware\init.js:40:
5)
          at Layer.handle [as handle_request] 
(C:\Users\SeanCodyManliclic\OneDrive - smu.edu.ph\Documents\SIA_CentralAdminDas
hboard\node_modules\express\lib\router\layer.js:95:5)
          at trim_prefix (C:\Users\SeanCodyManliclic\OneDrive - smu.edu.ph\Docu
ments\SIA_CentralAdminDashboard\node_modules\express\lib\router\index.js:328:13
)
          at C:\Users\SeanCodyManliclic\OneDrive - smu.edu.ph\Documents\SIA_Cen
tralAdminDashboard\node_modules\express\lib\router\index.js:286:9
          at router.process_params (C:\Users\SeanCodyManliclic\OneDrive - smu.e
du.ph\Documents\SIA_CentralAdminDashboard\node_modules\express\lib\router\index
.js:346:12)
          at next (C:\Users\SeanCodyManliclic\OneDrive - smu.edu.ph\Documents\S
IA_CentralAdminDashboard\node_modules\express\lib\router\index.js:280:10)
          at query (C:\Users\SeanCodyManliclic\OneDrive - smu.edu.ph\Documents\
SIA_CentralAdminDashboard\node_modules\express\lib\middleware\query.js:45:5)
          at Layer.handle [as handle_request] 
(C:\Users\SeanCodyManliclic\OneDrive - smu.edu.ph\Documents\SIA_CentralAdminDas
hboard\node_modules\express\lib\router\layer.js:95:5)
          at trim_prefix (C:\Users\SeanCodyManliclic\OneDrive - smu.edu.ph\Docu
ments\SIA_CentralAdminDashboard\node_modules\express\lib\router\index.js:328:13
)
          at C:\Users\SeanCodyManliclic\OneDrive - smu.edu.ph\Documents\SIA_Cen
tralAdminDashboard\node_modules\express\lib\router\index.js:286:9
          at router.process_params (C:\Users\SeanCodyManliclic\OneDrive - smu.e
du.ph\Documents\SIA_CentralAdminDashboard\node_modules\express\lib\router\index
.js:346:12)
          at next (C:\Users\SeanCodyManliclic\OneDrive - smu.edu.ph\Documents\S
IA_CentralAdminDashboard\node_modules\express\lib\router\index.js:280:10)
          at router.handle (C:\Users\SeanCodyManliclic\OneDrive - smu.edu.ph\Do
cuments\SIA_CentralAdminDashboard\node_modules\express\lib\router\index.js:175:
3)
          at app.handle (C:\Users\SeanCodyManliclic\OneDrive - smu.edu.ph\Docum
ents\SIA_CentralAdminDashboard\node_modules\express\lib\application.js:181:10)
          at Server.app (C:\Users\SeanCodyManliclic\OneDrive - smu.edu.ph\Docum
ents\SIA_CentralAdminDashboard\node_modules\express\lib\express.js:39:9)
          at Server.emit (node:events:508:28)

    [0m [90m 46 |[39m   [90m// 1. Always log the full error server-side 
(stack, message, everything).[39m
     [90m 47 |[39m   [90m//    This is the ONLY place the stack trace is 
written; it never leaves the server.[39m
    [31m[1m>[22m[39m[90m 48 |[39m   
console[33m.[39merror([32m'[errorHandler]'[39m[33m,[39m 
err[33m.[39mstack [33m||[39m err)[33m;[39m
     [90m    |[39m           [31m[1m^[22m[39m
     [90m 49 |[39m
     [90m 50 |[39m   [90m// ΓöÇΓöÇ 2. Map error types to status codes and 
safe client messages ΓöÇΓöÇΓöÇΓöÇΓöÇΓöÇΓöÇΓöÇΓöÇΓöÇΓöÇΓöÇΓöÇΓöÇ[39m
     [90m 51 |[39m[0m

      at error (src/middleware/errorHandler.js:48:11)
      at Layer.handle_error (../node_modules/express/lib/router/layer.js:71:5)
      at trim_prefix (../node_modules/express/lib/router/index.js:326:13)
      at ../node_modules/express/lib/router/index.js:286:9
      at router.process_params 
(../node_modules/express/lib/router/index.js:346:12)
      at next (../node_modules/express/lib/router/index.js:280:10)
      at Layer.handle_error (../node_modules/express/lib/router/layer.js:67:12)
      at trim_prefix (../node_modules/express/lib/router/index.js:326:13)
      at ../node_modules/express/lib/router/index.js:286:9
      at router.process_params 
(../node_modules/express/lib/router/index.js:346:12)
      at Immediate.next (../node_modules/express/lib/router/index.js:280:10)
      at Immediate._onImmediate 
(../node_modules/express/lib/router/index.js:646:15)

(node:13316) [MONGOOSE] Warning: Duplicate schema index on {"email":1} found. 
This is often due to declaring an index using both "index: true" and 
"schema.index()". Please remove the duplicate index definition.
[0mPOST /api/v1/auth/login [33m401[0m 234.933 ms - 67[0m
[0mPOST /api/v1/auth/refresh [33m401[0m 1.336 ms - 58[0m
[0mPOST /api/v1/auth/register [32m201[0m 266.887 ms - 147[0m
[0mPOST /api/v1/auth/register [33m401[0m 4.759 ms - 59[0m
[0mPOST /api/v1/auth/login [32m200[0m 233.963 ms - 388[0m
[0mPOST /api/v1/auth/login [33m401[0m 249.431 ms - 67[0m
[0mPOST /api/v1/auth/login [33m401[0m 1.691 ms - 67[0m
PASS src/test/integration/auth.integration.test.js
  ΓùÅ Console

    console.error
      [errorHandler] AppError: No token provided
          at authenticate (C:\Users\SeanCodyManliclic\OneDrive - smu.edu.ph\Doc
uments\SIA_CentralAdminDashboard\backend\src\middleware\authenticate.js:34:19)
          at Layer.handle [as handle_request] 
(C:\Users\SeanCodyManliclic\OneDrive - smu.edu.ph\Documents\SIA_CentralAdminDas
hboard\node_modules\express\lib\router\layer.js:95:5)
          at next (C:\Users\SeanCodyManliclic\OneDrive - smu.edu.ph\Documents\S
IA_CentralAdminDashboard\node_modules\express\lib\router\route.js:149:13)
          at next (C:\Users\SeanCodyManliclic\OneDrive - smu.edu.ph\Documents\S
IA_CentralAdminDashboard\backend\src\middleware\validate.js:30:12)
          at Layer.handle [as handle_request] 
(C:\Users\SeanCodyManliclic\OneDrive - smu.edu.ph\Documents\SIA_CentralAdminDas
hboard\node_modules\express\lib\router\layer.js:95:5)
          at next (C:\Users\SeanCodyManliclic\OneDrive - smu.edu.ph\Documents\S
IA_CentralAdminDashboard\node_modules\express\lib\router\route.js:149:13)
          at Route.dispatch (C:\Users\SeanCodyManliclic\OneDrive - smu.edu.ph\D
ocuments\SIA_CentralAdminDashboard\node_modules\express\lib\router\route.js:119
:3)
          at Layer.handle [as handle_request] 
(C:\Users\SeanCodyManliclic\OneDrive - smu.edu.ph\Documents\SIA_CentralAdminDas
hboard\node_modules\express\lib\router\layer.js:95:5)
          at C:\Users\SeanCodyManliclic\OneDrive - smu.edu.ph\Documents\SIA_Cen
tralAdminDashboard\node_modules\express\lib\router\index.js:284:15
          at router.process_params (C:\Users\SeanCodyManliclic\OneDrive - smu.e
du.ph\Documents\SIA_CentralAdminDashboard\node_modules\express\lib\router\index
.js:346:12)
          at next (C:\Users\SeanCodyManliclic\OneDrive - smu.edu.ph\Documents\S
IA_CentralAdminDashboard\node_modules\express\lib\router\index.js:280:10)
          at router.handle (C:\Users\SeanCodyManliclic\OneDrive - smu.edu.ph\Do
cuments\SIA_CentralAdminDashboard\node_modules\express\lib\router\index.js:175:
3)
          at router (C:\Users\SeanCodyManliclic\OneDrive - smu.edu.ph\Documents
\SIA_CentralAdminDashboard\node_modules\express\lib\router\index.js:47:12)
          at Layer.handle [as handle_request] 
(C:\Users\SeanCodyManliclic\OneDrive - smu.edu.ph\Documents\SIA_CentralAdminDas
hboard\node_modules\express\lib\router\layer.js:95:5)
          at trim_prefix (C:\Users\SeanCodyManliclic\OneDrive - smu.edu.ph\Docu
ments\SIA_CentralAdminDashboard\node_modules\express\lib\router\index.js:328:13
)
          at C:\Users\SeanCodyManliclic\OneDrive - smu.edu.ph\Documents\SIA_Cen
tralAdminDashboard\node_modules\express\lib\router\index.js:286:9
          at router.process_params (C:\Users\SeanCodyManliclic\OneDrive - smu.e
du.ph\Documents\SIA_CentralAdminDashboard\node_modules\express\lib\router\index
.js:346:12)
          at next (C:\Users\SeanCodyManliclic\OneDrive - smu.edu.ph\Documents\S
IA_CentralAdminDashboard\node_modules\express\lib\router\index.js:280:10)
          at router.handle (C:\Users\SeanCodyManliclic\OneDrive - smu.edu.ph\Do
cuments\SIA_CentralAdminDashboard\node_modules\express\lib\router\index.js:175:
3)
          at router (C:\Users\SeanCodyManliclic\OneDrive - smu.edu.ph\Documents
\SIA_CentralAdminDashboard\node_modules\express\lib\router\index.js:47:12)
          at Layer.handle [as handle_request] 
(C:\Users\SeanCodyManliclic\OneDrive - smu.edu.ph\Documents\SIA_CentralAdminDas
hboard\node_modules\express\lib\router\layer.js:95:5)
          at trim_prefix (C:\Users\SeanCodyManliclic\OneDrive - smu.edu.ph\Docu
ments\SIA_CentralAdminDashboard\node_modules\express\lib\router\index.js:328:13
)
          at C:\Users\SeanCodyManliclic\OneDrive - smu.edu.ph\Documents\SIA_Cen
tralAdminDashboard\node_modules\express\lib\router\index.js:286:9
          at router.process_params (C:\Users\SeanCodyManliclic\OneDrive - smu.e
du.ph\Documents\SIA_CentralAdminDashboard\node_modules\express\lib\router\index
.js:346:12)
          at next (C:\Users\SeanCodyManliclic\OneDrive - smu.edu.ph\Documents\S
IA_CentralAdminDashboard\node_modules\express\lib\router\index.js:280:10)
          at logger (C:\Users\SeanCodyManliclic\OneDrive - smu.edu.ph\Documents
\SIA_CentralAdminDashboard\node_modules\morgan\index.js:144:5)
          at Layer.handle [as handle_request] 
(C:\Users\SeanCodyManliclic\OneDrive - smu.edu.ph\Documents\SIA_CentralAdminDas
hboard\node_modules\express\lib\router\layer.js:95:5)
          at trim_prefix (C:\Users\SeanCodyManliclic\OneDrive - smu.edu.ph\Docu
ments\SIA_CentralAdminDashboard\node_modules\express\lib\router\index.js:328:13
)
          at C:\Users\SeanCodyManliclic\OneDrive - smu.edu.ph\Documents\SIA_Cen
tralAdminDashboard\node_modules\express\lib\router\index.js:286:9
          at router.process_params (C:\Users\SeanCodyManliclic\OneDrive - smu.e
du.ph\Documents\SIA_CentralAdminDashboard\node_modules\express\lib\router\index
.js:346:12)
          at next (C:\Users\SeanCodyManliclic\OneDrive - smu.edu.ph\Documents\S
IA_CentralAdminDashboard\node_modules\express\lib\router\index.js:280:10)
          at cookieParser (C:\Users\SeanCodyManliclic\OneDrive - smu.edu.ph\Doc
uments\SIA_CentralAdminDashboard\node_modules\cookie-parser\index.js:57:14)
          at Layer.handle [as handle_request] 
(C:\Users\SeanCodyManliclic\OneDrive - smu.edu.ph\Documents\SIA_CentralAdminDas
hboard\node_modules\express\lib\router\layer.js:95:5)
          at trim_prefix (C:\Users\SeanCodyManliclic\OneDrive - smu.edu.ph\Docu
ments\SIA_CentralAdminDashboard\node_modules\express\lib\router\index.js:328:13
)
          at C:\Users\SeanCodyManliclic\OneDrive - smu.edu.ph\Documents\SIA_Cen
tralAdminDashboard\node_modules\express\lib\router\index.js:286:9
          at router.process_params (C:\Users\SeanCodyManliclic\OneDrive - smu.e
du.ph\Documents\SIA_CentralAdminDashboard\node_modules\express\lib\router\index
.js:346:12)
          at next (C:\Users\SeanCodyManliclic\OneDrive - smu.edu.ph\Documents\S
IA_CentralAdminDashboard\node_modules\express\lib\router\index.js:280:10)
          at C:\Users\SeanCodyManliclic\OneDrive - smu.edu.ph\Documents\SIA_Cen
tralAdminDashboard\node_modules\body-parser\lib\read.js:137:5
          at AsyncResource.runInAsyncScope (node:async_hooks:214:14)
          at invokeCallback (C:\Users\SeanCodyManliclic\OneDrive - smu.edu.ph\D
ocuments\SIA_CentralAdminDashboard\node_modules\raw-body\index.js:238:16)
          at done (C:\Users\SeanCodyManliclic\OneDrive - smu.edu.ph\Documents\S
IA_CentralAdminDashboard\node_modules\raw-body\index.js:227:7)
          at IncomingMessage.onEnd (C:\Users\SeanCodyManliclic\OneDrive - smu.e
du.ph\Documents\SIA_CentralAdminDashboard\node_modules\raw-body\index.js:287:7)
          at IncomingMessage.emit (node:events:508:28)
          at endReadableNT (node:internal/streams/readable:1701:12)
          at processTicksAndRejections 
(node:internal/process/task_queues:90:21)

    [0m [90m 46 |[39m   [90m// 1. Always log the full error server-side 
(stack, message, everything).[39m
     [90m 47 |[39m   [90m//    This is the ONLY place the stack trace is 
written; it never leaves the server.[39m
    [31m[1m>[22m[39m[90m 48 |[39m   
console[33m.[39merror([32m'[errorHandler]'[39m[33m,[39m 
err[33m.[39mstack [33m||[39m err)[33m;[39m
     [90m    |[39m           [31m[1m^[22m[39m
     [90m 49 |[39m
     [90m 50 |[39m   [90m// ΓöÇΓöÇ 2. Map error types to status codes and 
safe client messages ΓöÇΓöÇΓöÇΓöÇΓöÇΓöÇΓöÇΓöÇΓöÇΓöÇΓöÇΓöÇΓöÇΓöÇ[39m
     [90m 51 |[39m[0m

      at error (src/middleware/errorHandler.js:48:11)
      at Layer.handle_error (../node_modules/express/lib/router/layer.js:71:5)
      at trim_prefix (../node_modules/express/lib/router/index.js:326:13)
      at ../node_modules/express/lib/router/index.js:286:9
      at router.process_params 
(../node_modules/express/lib/router/index.js:346:12)
      at next (../node_modules/express/lib/router/index.js:280:10)
      at Layer.handle_error (../node_modules/express/lib/router/layer.js:67:12)
      at trim_prefix (../node_modules/express/lib/router/index.js:326:13)
      at ../node_modules/express/lib/router/index.js:286:9
      at router.process_params 
(../node_modules/express/lib/router/index.js:346:12)
      at Immediate.next (../node_modules/express/lib/router/index.js:280:10)
      at Immediate._onImmediate 
(../node_modules/express/lib/router/index.js:646:15)

    console.error
      [errorHandler] AppError: Invalid email or password
          at loginUser (C:\Users\SeanCodyManliclic\OneDrive - smu.edu.ph\Docume
nts\SIA_CentralAdminDashboard\backend\src\controllers\auth.controller.js:111:19
)

    [0m [90m 46 |[39m   [90m// 1. Always log the full error server-side 
(stack, message, everything).[39m
     [90m 47 |[39m   [90m//    This is the ONLY place the stack trace is 
written; it never leaves the server.[39m
    [31m[1m>[22m[39m[90m 48 |[39m   
console[33m.[39merror([32m'[errorHandler]'[39m[33m,[39m 
err[33m.[39mstack [33m||[39m err)[33m;[39m
     [90m    |[39m           [31m[1m^[22m[39m
     [90m 49 |[39m
     [90m 50 |[39m   [90m// ΓöÇΓöÇ 2. Map error types to status codes and 
safe client messages ΓöÇΓöÇΓöÇΓöÇΓöÇΓöÇΓöÇΓöÇΓöÇΓöÇΓöÇΓöÇΓöÇΓöÇ[39m
     [90m 51 |[39m[0m

      at error (src/middleware/errorHandler.js:48:11)
      at Layer.handle_error (../node_modules/express/lib/router/layer.js:71:5)
      at trim_prefix (../node_modules/express/lib/router/index.js:326:13)
      at ../node_modules/express/lib/router/index.js:286:9
      at router.process_params 
(../node_modules/express/lib/router/index.js:346:12)
      at next (../node_modules/express/lib/router/index.js:280:10)
      at Layer.handle_error (../node_modules/express/lib/router/layer.js:67:12)
      at trim_prefix (../node_modules/express/lib/router/index.js:326:13)
      at ../node_modules/express/lib/router/index.js:286:9
      at router.process_params 
(../node_modules/express/lib/router/index.js:346:12)
      at Immediate.next (../node_modules/express/lib/router/index.js:280:10)
      at Immediate._onImmediate 
(../node_modules/express/lib/router/index.js:646:15)

    console.error
      [errorHandler] AppError: Invalid email or password
          at loginUser (C:\Users\SeanCodyManliclic\OneDrive - smu.edu.ph\Docume
nts\SIA_CentralAdminDashboard\backend\src\controllers\auth.controller.js:106:19
)
          at processTicksAndRejections 
(node:internal/process/task_queues:105:5)

    [0m [90m 46 |[39m   [90m// 1. Always log the full error server-side 
(stack, message, everything).[39m
     [90m 47 |[39m   [90m//    This is the ONLY place the stack trace is 
written; it never leaves the server.[39m
    [31m[1m>[22m[39m[90m 48 |[39m   
console[33m.[39merror([32m'[errorHandler]'[39m[33m,[39m 
err[33m.[39mstack [33m||[39m err)[33m;[39m
     [90m    |[39m           [31m[1m^[22m[39m
     [90m 49 |[39m
     [90m 50 |[39m   [90m// ΓöÇΓöÇ 2. Map error types to status codes and 
safe client messages ΓöÇΓöÇΓöÇΓöÇΓöÇΓöÇΓöÇΓöÇΓöÇΓöÇΓöÇΓöÇΓöÇΓöÇ[39m
     [90m 51 |[39m[0m

      at error (src/middleware/errorHandler.js:48:11)
      at Layer.handle_error (../node_modules/express/lib/router/layer.js:71:5)
      at trim_prefix (../node_modules/express/lib/router/index.js:326:13)
      at ../node_modules/express/lib/router/index.js:286:9
      at router.process_params 
(../node_modules/express/lib/router/index.js:346:12)
      at next (../node_modules/express/lib/router/index.js:280:10)
      at Layer.handle_error (../node_modules/express/lib/router/layer.js:67:12)
      at trim_prefix (../node_modules/express/lib/router/index.js:326:13)
      at ../node_modules/express/lib/router/index.js:286:9
      at router.process_params 
(../node_modules/express/lib/router/index.js:346:12)
      at Immediate.next (../node_modules/express/lib/router/index.js:280:10)
      at Immediate._onImmediate 
(../node_modules/express/lib/router/index.js:646:15)

    console.error
      [errorHandler] AppError: Token has been revoked
          at refreshToken (C:\Users\SeanCodyManliclic\OneDrive - smu.edu.ph\Doc
uments\SIA_CentralAdminDashboard\backend\src\controllers\auth.controller.js:168
:19)
          at processTicksAndRejections 
(node:internal/process/task_queues:105:5)

    [0m [90m 46 |[39m   [90m// 1. Always log the full error server-side 
(stack, message, everything).[39m
     [90m 47 |[39m   [90m//    This is the ONLY place the stack trace is 
written; it never leaves the server.[39m
    [31m[1m>[22m[39m[90m 48 |[39m   
console[33m.[39merror([32m'[errorHandler]'[39m[33m,[39m 
err[33m.[39mstack [33m||[39m err)[33m;[39m
     [90m    |[39m           [31m[1m^[22m[39m
     [90m 49 |[39m
     [90m 50 |[39m   [90m// ΓöÇΓöÇ 2. Map error types to status codes and 
safe client messages ΓöÇΓöÇΓöÇΓöÇΓöÇΓöÇΓöÇΓöÇΓöÇΓöÇΓöÇΓöÇΓöÇΓöÇ[39m
     [90m 51 |[39m[0m

      at error (src/middleware/errorHandler.js:48:11)
      at Layer.handle_error (../node_modules/express/lib/router/layer.js:71:5)
      at trim_prefix (../node_modules/express/lib/router/index.js:326:13)
      at ../node_modules/express/lib/router/index.js:286:9
      at router.process_params 
(../node_modules/express/lib/router/index.js:346:12)
      at next (../node_modules/express/lib/router/index.js:280:10)
      at Layer.handle_error (../node_modules/express/lib/router/layer.js:67:12)
      at trim_prefix (../node_modules/express/lib/router/index.js:326:13)
      at ../node_modules/express/lib/router/index.js:286:9
      at router.process_params 
(../node_modules/express/lib/router/index.js:346:12)
      at Immediate.next (../node_modules/express/lib/router/index.js:280:10)
      at Immediate._onImmediate 
(../node_modules/express/lib/router/index.js:646:15)

    console.error
      [errorHandler] AppError: Token has been revoked
          at authenticate (C:\Users\SeanCodyManliclic\OneDrive - smu.edu.ph\Doc
uments\SIA_CentralAdminDashboard\backend\src\middleware\authenticate.js:56:19)
          at processTicksAndRejections 
(node:internal/process/task_queues:105:5)

    [0m [90m 46 |[39m   [90m// 1. Always log the full error server-side 
(stack, message, everything).[39m
     [90m 47 |[39m   [90m//    This is the ONLY place the stack trace is 
written; it never leaves the server.[39m
    [31m[1m>[22m[39m[90m 48 |[39m   
console[33m.[39merror([32m'[errorHandler]'[39m[33m,[39m 
err[33m.[39mstack [33m||[39m err)[33m;[39m
     [90m    |[39m           [31m[1m^[22m[39m
     [90m 49 |[39m
     [90m 50 |[39m   [90m// ΓöÇΓöÇ 2. Map error types to status codes and 
safe client messages ΓöÇΓöÇΓöÇΓöÇΓöÇΓöÇΓöÇΓöÇΓöÇΓöÇΓöÇΓöÇΓöÇΓöÇ[39m
     [90m 51 |[39m[0m

      at error (src/middleware/errorHandler.js:48:11)
      at Layer.handle_error (../node_modules/express/lib/router/layer.js:71:5)
      at trim_prefix (../node_modules/express/lib/router/index.js:326:13)
      at ../node_modules/express/lib/router/index.js:286:9
      at router.process_params 
(../node_modules/express/lib/router/index.js:346:12)
      at next (../node_modules/express/lib/router/index.js:280:10)
      at Layer.handle_error (../node_modules/express/lib/router/layer.js:67:12)
      at trim_prefix (../node_modules/express/lib/router/index.js:326:13)
      at ../node_modules/express/lib/router/index.js:286:9
      at router.process_params 
(../node_modules/express/lib/router/index.js:346:12)
      at Immediate.next (../node_modules/express/lib/router/index.js:280:10)
      at Immediate._onImmediate 
(../node_modules/express/lib/router/index.js:646:15)

[0mPOST /api/v1/auth/login [32m200[0m 238.220 ms - 392[0m
[0mPOST /api/v1/auth/refresh [32m200[0m 5.156 ms - 283[0m
[0mPOST /api/v1/auth/logout [32m200[0m 3.879 ms - 58[0m
[0mPOST /api/v1/auth/refresh [33m401[0m 1.907 ms - 64[0m
[0mPOST /api/v1/auth/logout [33m401[0m 1.611 ms - 64[0m
PASS src/db/connection.test.js
  ΓùÅ Console

    console.error
      [DB] Connection attempt 1/5 failed: ECONNREFUSED

    [0m [90m 90 |[39m     [90m// 'connected' event handler logs the 
success message.[39m
     [90m 91 |[39m   } [36mcatch[39m (err) {
    [31m[1m>[22m[39m[90m 92 |[39m     console[33m.[39merror(
     [90m    |[39m             [31m[1m^[22m[39m
     [90m 93 |[39m       [32m`[DB] Connection attempt 
${attempt}/${MAX_RETRIES} failed: ${err.message}`[39m
     [90m 94 |[39m     )[33m;[39m
     [90m 95 |[39m[0m

      at error (src/db/connection.js:92:13)
      at Object.<anonymous> (src/db/connection.test.js:131:5)

    console.log
      [DB] Retrying in 1s (attempt 2/5)ΓÇª

      at log (src/db/connection.js:102:13)

    console.error
      [DB] Connection attempt 1/5 failed: fail 1

    [0m [90m 90 |[39m     [90m// 'connected' event handler logs the 
success message.[39m
     [90m 91 |[39m   } [36mcatch[39m (err) {
    [31m[1m>[22m[39m[90m 92 |[39m     console[33m.[39merror(
     [90m    |[39m             [31m[1m^[22m[39m
     [90m 93 |[39m       [32m`[DB] Connection attempt 
${attempt}/${MAX_RETRIES} failed: ${err.message}`[39m
     [90m 94 |[39m     )[33m;[39m
     [90m 95 |[39m[0m

      at error (src/db/connection.js:92:13)
      at Object.<anonymous> (src/db/connection.test.js:144:5)

    console.log
      [DB] Retrying in 1s (attempt 2/5)ΓÇª

      at log (src/db/connection.js:102:13)

    console.error
      [DB] Connection attempt 2/5 failed: fail 2

    [0m [90m 90 |[39m     [90m// 'connected' event handler logs the 
success message.[39m
     [90m 91 |[39m   } [36mcatch[39m (err) {
    [31m[1m>[22m[39m[90m 92 |[39m     console[33m.[39merror(
     [90m    |[39m             [31m[1m^[22m[39m
     [90m 93 |[39m       [32m`[DB] Connection attempt 
${attempt}/${MAX_RETRIES} failed: ${err.message}`[39m
     [90m 94 |[39m     )[33m;[39m
     [90m 95 |[39m[0m

      at error (src/db/connection.js:92:13)
      at connectDB (src/db/connection.js:106:5)
      at Object.<anonymous> (src/db/connection.test.js:144:5)

    console.log
      [DB] Retrying in 2s (attempt 3/5)ΓÇª

      at log (src/db/connection.js:102:13)

    console.error
      [DB] Connection attempt 3/5 failed: fail 3

    [0m [90m 90 |[39m     [90m// 'connected' event handler logs the 
success message.[39m
     [90m 91 |[39m   } [36mcatch[39m (err) {
    [31m[1m>[22m[39m[90m 92 |[39m     console[33m.[39merror(
     [90m    |[39m             [31m[1m^[22m[39m
     [90m 93 |[39m       [32m`[DB] Connection attempt 
${attempt}/${MAX_RETRIES} failed: ${err.message}`[39m
     [90m 94 |[39m     )[33m;[39m
     [90m 95 |[39m[0m

      at error (src/db/connection.js:92:13)
      at connectDB (src/db/connection.js:106:5)
      at connectDB (src/db/connection.js:106:5)
      at Object.<anonymous> (src/db/connection.test.js:144:5)

    console.log
      [DB] Retrying in 4s (attempt 4/5)ΓÇª

      at log (src/db/connection.js:102:13)

    console.error
      [DB] Connection attempt 1/5 failed: persistent failure

    [0m [90m 90 |[39m     [90m// 'connected' event handler logs the 
success message.[39m
     [90m 91 |[39m   } [36mcatch[39m (err) {
    [31m[1m>[22m[39m[90m 92 |[39m     console[33m.[39merror(
     [90m    |[39m             [31m[1m^[22m[39m
     [90m 93 |[39m       [32m`[DB] Connection attempt 
${attempt}/${MAX_RETRIES} failed: ${err.message}`[39m
     [90m 94 |[39m     )[33m;[39m
     [90m 95 |[39m[0m

      at error (src/db/connection.js:92:13)
      at Object.<anonymous> (src/db/connection.test.js:154:5)

    console.log
      [DB] Retrying in 1s (attempt 2/5)ΓÇª

      at log (src/db/connection.js:102:13)

    console.error
      [DB] Connection attempt 2/5 failed: persistent failure

    [0m [90m 90 |[39m     [90m// 'connected' event handler logs the 
success message.[39m
     [90m 91 |[39m   } [36mcatch[39m (err) {
    [31m[1m>[22m[39m[90m 92 |[39m     console[33m.[39merror(
     [90m    |[39m             [31m[1m^[22m[39m
     [90m 93 |[39m       [32m`[DB] Connection attempt 
${attempt}/${MAX_RETRIES} failed: ${err.message}`[39m
     [90m 94 |[39m     )[33m;[39m
     [90m 95 |[39m[0m

      at error (src/db/connection.js:92:13)
      at connectDB (src/db/connection.js:106:5)
      at Object.<anonymous> (src/db/connection.test.js:154:5)

    console.log
      [DB] Retrying in 2s (attempt 3/5)ΓÇª

      at log (src/db/connection.js:102:13)

    console.error
      [DB] Connection attempt 3/5 failed: persistent failure

    [0m [90m 90 |[39m     [90m// 'connected' event handler logs the 
success message.[39m
     [90m 91 |[39m   } [36mcatch[39m (err) {
    [31m[1m>[22m[39m[90m 92 |[39m     console[33m.[39merror(
     [90m    |[39m             [31m[1m^[22m[39m
     [90m 93 |[39m       [32m`[DB] Connection attempt 
${attempt}/${MAX_RETRIES} failed: ${err.message}`[39m
     [90m 94 |[39m     )[33m;[39m
     [90m 95 |[39m[0m

      at error (src/db/connection.js:92:13)
      at connectDB (src/db/connection.js:106:5)
      at connectDB (src/db/connection.js:106:5)
      at Object.<anonymous> (src/db/connection.test.js:154:5)

    console.log
      [DB] Retrying in 4s (attempt 4/5)ΓÇª

      at log (src/db/connection.js:102:13)

    console.error
      [DB] Connection attempt 4/5 failed: persistent failure

    [0m [90m 90 |[39m     [90m// 'connected' event handler logs the 
success message.[39m
     [90m 91 |[39m   } [36mcatch[39m (err) {
    [31m[1m>[22m[39m[90m 92 |[39m     console[33m.[39merror(
     [90m    |[39m             [31m[1m^[22m[39m
     [90m 93 |[39m       [32m`[DB] Connection attempt 
${attempt}/${MAX_RETRIES} failed: ${err.message}`[39m
     [90m 94 |[39m     )[33m;[39m
     [90m 95 |[39m[0m

      at error (src/db/connection.js:92:13)
      at connectDB (src/db/connection.js:106:5)
      at connectDB (src/db/connection.js:106:5)
      at connectDB (src/db/connection.js:106:5)
      at Object.<anonymous> (src/db/connection.test.js:154:5)

    console.log
      [DB] Retrying in 8s (attempt 5/5)ΓÇª

      at log (src/db/connection.js:102:13)

    console.error
      [DB] Connection attempt 5/5 failed: persistent failure

    [0m [90m 90 |[39m     [90m// 'connected' event handler logs the 
success message.[39m
     [90m 91 |[39m   } [36mcatch[39m (err) {
    [31m[1m>[22m[39m[90m 92 |[39m     console[33m.[39merror(
     [90m    |[39m             [31m[1m^[22m[39m
     [90m 93 |[39m       [32m`[DB] Connection attempt 
${attempt}/${MAX_RETRIES} failed: ${err.message}`[39m
     [90m 94 |[39m     )[33m;[39m
     [90m 95 |[39m[0m

      at error (src/db/connection.js:92:13)
      at connectDB (src/db/connection.js:106:5)
      at connectDB (src/db/connection.js:106:5)
      at connectDB (src/db/connection.js:106:5)
      at connectDB (src/db/connection.js:106:5)
      at Object.<anonymous> (src/db/connection.test.js:154:5)

    console.error
      [DB] All connection attempts exhausted.

    [0m [90m  95 |[39m
     [90m  96 |[39m     [36mif[39m (attempt [33m>=[39m 
[33mMAX_RETRIES[39m) {
    [31m[1m>[22m[39m[90m  97 |[39m       
console[33m.[39merror([32m'[DB] All connection attempts 
exhausted.'[39m)[33m;[39m
     [90m     |[39m               [31m[1m^[22m[39m
     [90m  98 |[39m       [36mthrow[39m err[33m;[39m
     [90m  99 |[39m     }
     [90m 100 |[39m[0m

      at error (src/db/connection.js:97:15)
      at connectDB (src/db/connection.js:106:5)
      at connectDB (src/db/connection.js:106:5)
      at connectDB (src/db/connection.js:106:5)
      at connectDB (src/db/connection.js:106:5)
      at Object.<anonymous> (src/db/connection.test.js:154:5)

    console.error
      [DB] Connection attempt 1/5 failed: always fails

    [0m [90m 90 |[39m     [90m// 'connected' event handler logs the 
success message.[39m
     [90m 91 |[39m   } [36mcatch[39m (err) {
    [31m[1m>[22m[39m[90m 92 |[39m     console[33m.[39merror(
     [90m    |[39m             [31m[1m^[22m[39m
     [90m 93 |[39m       [32m`[DB] Connection attempt 
${attempt}/${MAX_RETRIES} failed: ${err.message}`[39m
     [90m 94 |[39m     )[33m;[39m
     [90m 95 |[39m[0m

      at error (src/db/connection.js:92:13)
      at Object.<anonymous> (src/db/connection.test.js:163:5)

    console.log
      [DB] Retrying in 1s (attempt 2/5)ΓÇª

      at log (src/db/connection.js:102:13)

    console.error
      [DB] Connection attempt 2/5 failed: always fails

    [0m [90m 90 |[39m     [90m// 'connected' event handler logs the 
success message.[39m
     [90m 91 |[39m   } [36mcatch[39m (err) {
    [31m[1m>[22m[39m[90m 92 |[39m     console[33m.[39merror(
     [90m    |[39m             [31m[1m^[22m[39m
     [90m 93 |[39m       [32m`[DB] Connection attempt 
${attempt}/${MAX_RETRIES} failed: ${err.message}`[39m
     [90m 94 |[39m     )[33m;[39m
     [90m 95 |[39m[0m

      at error (src/db/connection.js:92:13)
      at connectDB (src/db/connection.js:106:5)
      at Object.<anonymous> (src/db/connection.test.js:163:5)

    console.log
      [DB] Retrying in 2s (attempt 3/5)ΓÇª

      at log (src/db/connection.js:102:13)

    console.error
      [DB] Connection attempt 3/5 failed: always fails

    [0m [90m 90 |[39m     [90m// 'connected' event handler logs the 
success message.[39m
     [90m 91 |[39m   } [36mcatch[39m (err) {
    [31m[1m>[22m[39m[90m 92 |[39m     console[33m.[39merror(
     [90m    |[39m             [31m[1m^[22m[39m
     [90m 93 |[39m       [32m`[DB] Connection attempt 
${attempt}/${MAX_RETRIES} failed: ${err.message}`[39m
     [90m 94 |[39m     )[33m;[39m
     [90m 95 |[39m[0m

      at error (src/db/connection.js:92:13)
      at connectDB (src/db/connection.js:106:5)
      at connectDB (src/db/connection.js:106:5)
      at Object.<anonymous> (src/db/connection.test.js:163:5)

    console.log
      [DB] Retrying in 4s (attempt 4/5)ΓÇª

      at log (src/db/connection.js:102:13)

    console.error
      [DB] Connection attempt 4/5 failed: always fails

    [0m [90m 90 |[39m     [90m// 'connected' event handler logs the 
success message.[39m
     [90m 91 |[39m   } [36mcatch[39m (err) {
    [31m[1m>[22m[39m[90m 92 |[39m     console[33m.[39merror(
     [90m    |[39m             [31m[1m^[22m[39m
     [90m 93 |[39m       [32m`[DB] Connection attempt 
${attempt}/${MAX_RETRIES} failed: ${err.message}`[39m
     [90m 94 |[39m     )[33m;[39m
     [90m 95 |[39m[0m

      at error (src/db/connection.js:92:13)
      at connectDB (src/db/connection.js:106:5)
      at connectDB (src/db/connection.js:106:5)
      at connectDB (src/db/connection.js:106:5)
      at Object.<anonymous> (src/db/connection.test.js:163:5)

    console.log
      [DB] Retrying in 8s (attempt 5/5)ΓÇª

      at log (src/db/connection.js:102:13)

    console.error
      [DB] Connection attempt 5/5 failed: always fails

    [0m [90m 90 |[39m     [90m// 'connected' event handler logs the 
success message.[39m
     [90m 91 |[39m   } [36mcatch[39m (err) {
    [31m[1m>[22m[39m[90m 92 |[39m     console[33m.[39merror(
     [90m    |[39m             [31m[1m^[22m[39m
     [90m 93 |[39m       [32m`[DB] Connection attempt 
${attempt}/${MAX_RETRIES} failed: ${err.message}`[39m
     [90m 94 |[39m     )[33m;[39m
     [90m 95 |[39m[0m

      at error (src/db/connection.js:92:13)
      at connectDB (src/db/connection.js:106:5)
      at connectDB (src/db/connection.js:106:5)
      at connectDB (src/db/connection.js:106:5)
      at connectDB (src/db/connection.js:106:5)
      at Object.<anonymous> (src/db/connection.test.js:163:5)

    console.error
      [DB] All connection attempts exhausted.

    [0m [90m  95 |[39m
     [90m  96 |[39m     [36mif[39m (attempt [33m>=[39m 
[33mMAX_RETRIES[39m) {
    [31m[1m>[22m[39m[90m  97 |[39m       
console[33m.[39merror([32m'[DB] All connection attempts 
exhausted.'[39m)[33m;[39m
     [90m     |[39m               [31m[1m^[22m[39m
     [90m  98 |[39m       [36mthrow[39m err[33m;[39m
     [90m  99 |[39m     }
     [90m 100 |[39m[0m

      at error (src/db/connection.js:97:15)
      at connectDB (src/db/connection.js:106:5)
      at connectDB (src/db/connection.js:106:5)
      at connectDB (src/db/connection.js:106:5)
      at connectDB (src/db/connection.js:106:5)
      at Object.<anonymous> (src/db/connection.test.js:163:5)

    console.error
      [DB] Connection attempt 1/5 failed: always fails

    [0m [90m 90 |[39m     [90m// 'connected' event handler logs the 
success message.[39m
     [90m 91 |[39m   } [36mcatch[39m (err) {
    [31m[1m>[22m[39m[90m 92 |[39m     console[33m.[39merror(
     [90m    |[39m             [31m[1m^[22m[39m
     [90m 93 |[39m       [32m`[DB] Connection attempt 
${attempt}/${MAX_RETRIES} failed: ${err.message}`[39m
     [90m 94 |[39m     )[33m;[39m
     [90m 95 |[39m[0m

      at error (src/db/connection.js:92:13)
      at Object.<anonymous> (src/db/connection.test.js:174:5)

    console.log
      [DB] Retrying in 1s (attempt 2/5)ΓÇª

      at log (src/db/connection.js:102:13)

    console.error
      [DB] Connection attempt 2/5 failed: always fails

    [0m [90m 90 |[39m     [90m// 'connected' event handler logs the 
success message.[39m
     [90m 91 |[39m   } [36mcatch[39m (err) {
    [31m[1m>[22m[39m[90m 92 |[39m     console[33m.[39merror(
     [90m    |[39m             [31m[1m^[22m[39m
     [90m 93 |[39m       [32m`[DB] Connection attempt 
${attempt}/${MAX_RETRIES} failed: ${err.message}`[39m
     [90m 94 |[39m     )[33m;[39m
     [90m 95 |[39m[0m

      at error (src/db/connection.js:92:13)
      at connectDB (src/db/connection.js:106:5)
      at Object.<anonymous> (src/db/connection.test.js:174:5)

    console.log
      [DB] Retrying in 2s (attempt 3/5)ΓÇª

      at log (src/db/connection.js:102:13)

    console.error
      [DB] Connection attempt 3/5 failed: always fails

    [0m [90m 90 |[39m     [90m// 'connected' event handler logs the 
success message.[39m
     [90m 91 |[39m   } [36mcatch[39m (err) {
    [31m[1m>[22m[39m[90m 92 |[39m     console[33m.[39merror(
     [90m    |[39m             [31m[1m^[22m[39m
     [90m 93 |[39m       [32m`[DB] Connection attempt 
${attempt}/${MAX_RETRIES} failed: ${err.message}`[39m
     [90m 94 |[39m     )[33m;[39m
     [90m 95 |[39m[0m

      at error (src/db/connection.js:92:13)
      at connectDB (src/db/connection.js:106:5)
      at connectDB (src/db/connection.js:106:5)
      at Object.<anonymous> (src/db/connection.test.js:174:5)

    console.log
      [DB] Retrying in 4s (attempt 4/5)ΓÇª

      at log (src/db/connection.js:102:13)

    console.error
      [DB] Connection attempt 4/5 failed: always fails

    [0m [90m 90 |[39m     [90m// 'connected' event handler logs the 
success message.[39m
     [90m 91 |[39m   } [36mcatch[39m (err) {
    [31m[1m>[22m[39m[90m 92 |[39m     console[33m.[39merror(
     [90m    |[39m             [31m[1m^[22m[39m
     [90m 93 |[39m       [32m`[DB] Connection attempt 
${attempt}/${MAX_RETRIES} failed: ${err.message}`[39m
     [90m 94 |[39m     )[33m;[39m
     [90m 95 |[39m[0m

      at error (src/db/connection.js:92:13)
      at connectDB (src/db/connection.js:106:5)
      at connectDB (src/db/connection.js:106:5)
      at connectDB (src/db/connection.js:106:5)
      at Object.<anonymous> (src/db/connection.test.js:174:5)

    console.log
      [DB] Retrying in 8s (attempt 5/5)ΓÇª

      at log (src/db/connection.js:102:13)

    console.error
      [DB] Connection attempt 5/5 failed: always fails

    [0m [90m 90 |[39m     [90m// 'connected' event handler logs the 
success message.[39m
     [90m 91 |[39m   } [36mcatch[39m (err) {
    [31m[1m>[22m[39m[90m 92 |[39m     console[33m.[39merror(
     [90m    |[39m             [31m[1m^[22m[39m
     [90m 93 |[39m       [32m`[DB] Connection attempt 
${attempt}/${MAX_RETRIES} failed: ${err.message}`[39m
     [90m 94 |[39m     )[33m;[39m
     [90m 95 |[39m[0m

      at error (src/db/connection.js:92:13)
      at connectDB (src/db/connection.js:106:5)
      at connectDB (src/db/connection.js:106:5)
      at connectDB (src/db/connection.js:106:5)
      at connectDB (src/db/connection.js:106:5)
      at Object.<anonymous> (src/db/connection.test.js:174:5)

    console.error
      [DB] All connection attempts exhausted.

    [0m [90m  95 |[39m
     [90m  96 |[39m     [36mif[39m (attempt [33m>=[39m 
[33mMAX_RETRIES[39m) {
    [31m[1m>[22m[39m[90m  97 |[39m       
console[33m.[39merror([32m'[DB] All connection attempts 
exhausted.'[39m)[33m;[39m
     [90m     |[39m               [31m[1m^[22m[39m
     [90m  98 |[39m       [36mthrow[39m err[33m;[39m
     [90m  99 |[39m     }
     [90m 100 |[39m[0m

      at error (src/db/connection.js:97:15)
      at connectDB (src/db/connection.js:106:5)
      at connectDB (src/db/connection.js:106:5)
      at connectDB (src/db/connection.js:106:5)
      at connectDB (src/db/connection.js:106:5)
      at Object.<anonymous> (src/db/connection.test.js:174:5)

(node:13316) [MONGOOSE] Warning: Duplicate schema index on {"email":1} found. 
This is often due to declaring an index using both "index: true" and 
"schema.index()". Please remove the duplicate index definition.
PASS src/test/integration/envelope.integration.test.js
  ΓùÅ Console

    console.error
      [errorHandler] ValidationError: Email is required. Password is required

    [0m [90m 46 |[39m   [90m// 1. Always log the full error server-side 
(stack, message, everything).[39m
     [90m 47 |[39m   [90m//    This is the ONLY place the stack trace is 
written; it never leaves the server.[39m
    [31m[1m>[22m[39m[90m 48 |[39m   
console[33m.[39merror([32m'[errorHandler]'[39m[33m,[39m 
err[33m.[39mstack [33m||[39m err)[33m;[39m
     [90m    |[39m           [31m[1m^[22m[39m
     [90m 49 |[39m
     [90m 50 |[39m   [90m// ΓöÇΓöÇ 2. Map error types to status codes and 
safe client messages ΓöÇΓöÇΓöÇΓöÇΓöÇΓöÇΓöÇΓöÇΓöÇΓöÇΓöÇΓöÇΓöÇΓöÇ[39m
     [90m 51 |[39m[0m

      at error (src/middleware/errorHandler.js:48:11)
      at Layer.handle_error (../node_modules/express/lib/router/layer.js:71:5)
      at trim_prefix (../node_modules/express/lib/router/index.js:326:13)
      at ../node_modules/express/lib/router/index.js:286:9
      at router.process_params 
(../node_modules/express/lib/router/index.js:346:12)
      at next (../node_modules/express/lib/router/index.js:280:10)
      at Layer.handle_error (../node_modules/express/lib/router/layer.js:67:12)
      at trim_prefix (../node_modules/express/lib/router/index.js:326:13)
      at ../node_modules/express/lib/router/index.js:286:9
      at router.process_params 
(../node_modules/express/lib/router/index.js:346:12)
      at Immediate.next (../node_modules/express/lib/router/index.js:280:10)
      at Immediate._onImmediate 
(../node_modules/express/lib/router/index.js:646:15)

    console.error
      [errorHandler] AppError: Route not found
          at C:\Users\SeanCodyManliclic\OneDrive - 
smu.edu.ph\Documents\SIA_CentralAdminDashboard\backend\src\app.js:67:8
          at Layer.handle [as handle_request] 
(C:\Users\SeanCodyManliclic\OneDrive - smu.edu.ph\Documents\SIA_CentralAdminDas
hboard\node_modules\express\lib\router\layer.js:95:5)
          at trim_prefix (C:\Users\SeanCodyManliclic\OneDrive - smu.edu.ph\Docu
ments\SIA_CentralAdminDashboard\node_modules\express\lib\router\index.js:328:13
)
          at C:\Users\SeanCodyManliclic\OneDrive - smu.edu.ph\Documents\SIA_Cen
tralAdminDashboard\node_modules\express\lib\router\index.js:286:9
          at router.process_params (C:\Users\SeanCodyManliclic\OneDrive - smu.e
du.ph\Documents\SIA_CentralAdminDashboard\node_modules\express\lib\router\index
.js:346:12)
          at next (C:\Users\SeanCodyManliclic\OneDrive - smu.edu.ph\Documents\S
IA_CentralAdminDashboard\node_modules\express\lib\router\index.js:280:10)
          at C:\Users\SeanCodyManliclic\OneDrive - smu.edu.ph\Documents\SIA_Cen
tralAdminDashboard\node_modules\express\lib\router\index.js:646:15
          at next (C:\Users\SeanCodyManliclic\OneDrive - smu.edu.ph\Documents\S
IA_CentralAdminDashboard\node_modules\express\lib\router\index.js:265:14)
          at router.handle (C:\Users\SeanCodyManliclic\OneDrive - smu.edu.ph\Do
cuments\SIA_CentralAdminDashboard\node_modules\express\lib\router\index.js:175:
3)
          at router (C:\Users\SeanCodyManliclic\OneDrive - smu.edu.ph\Documents
\SIA_CentralAdminDashboard\node_modules\express\lib\router\index.js:47:12)
          at Layer.handle [as handle_request] 
(C:\Users\SeanCodyManliclic\OneDrive - smu.edu.ph\Documents\SIA_CentralAdminDas
hboard\node_modules\express\lib\router\layer.js:95:5)
          at trim_prefix (C:\Users\SeanCodyManliclic\OneDrive - smu.edu.ph\Docu
ments\SIA_CentralAdminDashboard\node_modules\express\lib\router\index.js:328:13
)
          at C:\Users\SeanCodyManliclic\OneDrive - smu.edu.ph\Documents\SIA_Cen
tralAdminDashboard\node_modules\express\lib\router\index.js:286:9
          at router.process_params (C:\Users\SeanCodyManliclic\OneDrive - smu.e
du.ph\Documents\SIA_CentralAdminDashboard\node_modules\express\lib\router\index
.js:346:12)
          at next (C:\Users\SeanCodyManliclic\OneDrive - smu.edu.ph\Documents\S
IA_CentralAdminDashboard\node_modules\express\lib\router\index.js:280:10)
          at logger (C:\Users\SeanCodyManliclic\OneDrive - smu.edu.ph\Documents
\SIA_CentralAdminDashboard\node_modules\morgan\index.js:144:5)
          at Layer.handle [as handle_request] 
(C:\Users\SeanCodyManliclic\OneDrive - smu.edu.ph\Documents\SIA_CentralAdminDas
hboard\node_modules\express\lib\router\layer.js:95:5)
          at trim_prefix (C:\Users\SeanCodyManliclic\OneDrive - smu.edu.ph\Docu
ments\SIA_CentralAdminDashboard\node_modules\express\lib\router\index.js:328:13
)
          at C:\Users\SeanCodyManliclic\OneDrive - smu.edu.ph\Documents\SIA_Cen
tralAdminDashboard\node_modules\express\lib\router\index.js:286:9
          at router.process_params (C:\Users\SeanCodyManliclic\OneDrive - smu.e
du.ph\Documents\SIA_CentralAdminDashboard\node_modules\express\lib\router\index
.js:346:12)
          at next (C:\Users\SeanCodyManliclic\OneDrive - smu.edu.ph\Documents\S
IA_CentralAdminDashboard\node_modules\express\lib\router\index.js:280:10)
          at cookieParser (C:\Users\SeanCodyManliclic\OneDrive - smu.edu.ph\Doc
uments\SIA_CentralAdminDashboard\node_modules\cookie-parser\index.js:57:14)
          at Layer.handle [as handle_request] 
(C:\Users\SeanCodyManliclic\OneDrive - smu.edu.ph\Documents\SIA_CentralAdminDas
hboard\node_modules\express\lib\router\layer.js:95:5)
          at trim_prefix (C:\Users\SeanCodyManliclic\OneDrive - smu.edu.ph\Docu
ments\SIA_CentralAdminDashboard\node_modules\express\lib\router\index.js:328:13
)
          at C:\Users\SeanCodyManliclic\OneDrive - smu.edu.ph\Documents\SIA_Cen
tralAdminDashboard\node_modules\express\lib\router\index.js:286:9
          at router.process_params (C:\Users\SeanCodyManliclic\OneDrive - smu.e
du.ph\Documents\SIA_CentralAdminDashboard\node_modules\express\lib\router\index
.js:346:12)
          at next (C:\Users\SeanCodyManliclic\OneDrive - smu.edu.ph\Documents\S
IA_CentralAdminDashboard\node_modules\express\lib\router\index.js:280:10)
          at jsonParser (C:\Users\SeanCodyManliclic\OneDrive - smu.edu.ph\Docum
ents\SIA_CentralAdminDashboard\node_modules\body-parser\lib\types\json.js:113:7
)
          at Layer.handle [as handle_request] 
(C:\Users\SeanCodyManliclic\OneDrive - smu.edu.ph\Documents\SIA_CentralAdminDas
hboard\node_modules\express\lib\router\layer.js:95:5)
          at trim_prefix (C:\Users\SeanCodyManliclic\OneDrive - smu.edu.ph\Docu
ments\SIA_CentralAdminDashboard\node_modules\express\lib\router\index.js:328:13
)
          at C:\Users\SeanCodyManliclic\OneDrive - smu.edu.ph\Documents\SIA_Cen
tralAdminDashboard\node_modules\express\lib\router\index.js:286:9
          at router.process_params (C:\Users\SeanCodyManliclic\OneDrive - smu.e
du.ph\Documents\SIA_CentralAdminDashboard\node_modules\express\lib\router\index
.js:346:12)
          at next (C:\Users\SeanCodyManliclic\OneDrive - smu.edu.ph\Documents\S
IA_CentralAdminDashboard\node_modules\express\lib\router\index.js:280:10)
          at cors (C:\Users\SeanCodyManliclic\OneDrive - smu.edu.ph\Documents\S
IA_CentralAdminDashboard\node_modules\cors\lib\index.js:188:7)
          at C:\Users\SeanCodyManliclic\OneDrive - smu.edu.ph\Documents\SIA_Cen
tralAdminDashboard\node_modules\cors\lib\index.js:224:17
          at originCallback (C:\Users\SeanCodyManliclic\OneDrive - smu.edu.ph\D
ocuments\SIA_CentralAdminDashboard\node_modules\cors\lib\index.js:214:15)
          at C:\Users\SeanCodyManliclic\OneDrive - smu.edu.ph\Documents\SIA_Cen
tralAdminDashboard\node_modules\cors\lib\index.js:219:13
          at optionsCallback (C:\Users\SeanCodyManliclic\OneDrive - smu.edu.ph\
Documents\SIA_CentralAdminDashboard\node_modules\cors\lib\index.js:199:9)
          at corsMiddleware (C:\Users\SeanCodyManliclic\OneDrive - smu.edu.ph\D
ocuments\SIA_CentralAdminDashboard\node_modules\cors\lib\index.js:204:7)
          at Layer.handle [as handle_request] 
(C:\Users\SeanCodyManliclic\OneDrive - smu.edu.ph\Documents\SIA_CentralAdminDas
hboard\node_modules\express\lib\router\layer.js:95:5)
          at trim_prefix (C:\Users\SeanCodyManliclic\OneDrive - smu.edu.ph\Docu
ments\SIA_CentralAdminDashboard\node_modules\express\lib\router\index.js:328:13
)
          at C:\Users\SeanCodyManliclic\OneDrive - smu.edu.ph\Documents\SIA_Cen
tralAdminDashboard\node_modules\express\lib\router\index.js:286:9
          at router.process_params (C:\Users\SeanCodyManliclic\OneDrive - smu.e
du.ph\Documents\SIA_CentralAdminDashboard\node_modules\express\lib\router\index
.js:346:12)
          at next (C:\Users\SeanCodyManliclic\OneDrive - smu.edu.ph\Documents\S
IA_CentralAdminDashboard\node_modules\express\lib\router\index.js:280:10)
          at internalNext (C:\Users\SeanCodyManliclic\OneDrive - smu.edu.ph\Doc
uments\SIA_CentralAdminDashboard\node_modules\helmet\index.cjs:527:6)
          at xXssProtectionMiddleware (C:\Users\SeanCodyManliclic\OneDrive - sm
u.edu.ph\Documents\SIA_CentralAdminDashboard\node_modules\helmet\index.cjs:307:
3)
          at internalNext (C:\Users\SeanCodyManliclic\OneDrive - smu.edu.ph\Doc
uments\SIA_CentralAdminDashboard\node_modules\helmet\index.cjs:525:6)
          at xPoweredByMiddleware (C:\Users\SeanCodyManliclic\OneDrive - smu.ed
u.ph\Documents\SIA_CentralAdminDashboard\node_modules\helmet\index.cjs:300:3)
          at internalNext (C:\Users\SeanCodyManliclic\OneDrive - smu.edu.ph\Doc
uments\SIA_CentralAdminDashboard\node_modules\helmet\index.cjs:525:6)
          at xPermittedCrossDomainPoliciesMiddleware 
(C:\Users\SeanCodyManliclic\OneDrive - smu.edu.ph\Documents\SIA_CentralAdminDas
hboard\node_modules\helmet\index.cjs:293:3)
          at internalNext (C:\Users\SeanCodyManliclic\OneDrive - smu.edu.ph\Doc
uments\SIA_CentralAdminDashboard\node_modules\helmet\index.cjs:525:6)
          at xFrameOptionsMiddleware (C:\Users\SeanCodyManliclic\OneDrive - smu
.edu.ph\Documents\SIA_CentralAdminDashboard\node_modules\helmet\index.cjs:277:3
)
          at internalNext (C:\Users\SeanCodyManliclic\OneDrive - smu.edu.ph\Doc
uments\SIA_CentralAdminDashboard\node_modules\helmet\index.cjs:525:6)
          at xDownloadOptionsMiddleware (C:\Users\SeanCodyManliclic\OneDrive - 
smu.edu.ph\Documents\SIA_CentralAdminDashboard\node_modules\helmet\index.cjs:25
7:3)
          at internalNext (C:\Users\SeanCodyManliclic\OneDrive - smu.edu.ph\Doc
uments\SIA_CentralAdminDashboard\node_modules\helmet\index.cjs:525:6)
          at xDnsPrefetchControlMiddleware 
(C:\Users\SeanCodyManliclic\OneDrive - smu.edu.ph\Documents\SIA_CentralAdminDas
hboard\node_modules\helmet\index.cjs:250:3)
          at internalNext (C:\Users\SeanCodyManliclic\OneDrive - smu.edu.ph\Doc
uments\SIA_CentralAdminDashboard\node_modules\helmet\index.cjs:525:6)
          at xContentTypeOptionsMiddleware 
(C:\Users\SeanCodyManliclic\OneDrive - smu.edu.ph\Documents\SIA_CentralAdminDas
hboard\node_modules\helmet\index.cjs:242:3)
          at internalNext (C:\Users\SeanCodyManliclic\OneDrive - smu.edu.ph\Doc
uments\SIA_CentralAdminDashboard\node_modules\helmet\index.cjs:525:6)
          at strictTransportSecurityMiddleware 
(C:\Users\SeanCodyManliclic\OneDrive - smu.edu.ph\Documents\SIA_CentralAdminDas
hboard\node_modules\helmet\index.cjs:235:3)
          at internalNext (C:\Users\SeanCodyManliclic\OneDrive - smu.edu.ph\Doc
uments\SIA_CentralAdminDashboard\node_modules\helmet\index.cjs:525:6)
          at referrerPolicyMiddleware (C:\Users\SeanCodyManliclic\OneDrive - sm
u.edu.ph\Documents\SIA_CentralAdminDashboard\node_modules\helmet\index.cjs:203:
3)
          at internalNext (C:\Users\SeanCodyManliclic\OneDrive - smu.edu.ph\Doc
uments\SIA_CentralAdminDashboard\node_modules\helmet\index.cjs:525:6)
          at originAgentClusterMiddleware (C:\Users\SeanCodyManliclic\OneDrive 
- smu.edu.ph\Documents\SIA_CentralAdminDashboard\node_modules\helmet\index.cjs:
178:3)
          at internalNext (C:\Users\SeanCodyManliclic\OneDrive - smu.edu.ph\Doc
uments\SIA_CentralAdminDashboard\node_modules\helmet\index.cjs:525:6)
          at crossOriginResourcePolicyMiddleware 
(C:\Users\SeanCodyManliclic\OneDrive - smu.edu.ph\Documents\SIA_CentralAdminDas
hboard\node_modules\helmet\index.cjs:171:3)
          at internalNext (C:\Users\SeanCodyManliclic\OneDrive - smu.edu.ph\Doc
uments\SIA_CentralAdminDashboard\node_modules\helmet\index.cjs:525:6)
          at crossOriginOpenerPolicyMiddleware 
(C:\Users\SeanCodyManliclic\OneDrive - smu.edu.ph\Documents\SIA_CentralAdminDas
hboard\node_modules\helmet\index.cjs:155:3)
          at internalNext (C:\Users\SeanCodyManliclic\OneDrive - smu.edu.ph\Doc
uments\SIA_CentralAdminDashboard\node_modules\helmet\index.cjs:525:6)
          at contentSecurityPolicyMiddleware 
(C:\Users\SeanCodyManliclic\OneDrive - smu.edu.ph\Documents\SIA_CentralAdminDas
hboard\node_modules\helmet\index.cjs:120:4)
          at internalNext (C:\Users\SeanCodyManliclic\OneDrive - smu.edu.ph\Doc
uments\SIA_CentralAdminDashboard\node_modules\helmet\index.cjs:525:6)
          at helmetMiddleware (C:\Users\SeanCodyManliclic\OneDrive - smu.edu.ph
\Documents\SIA_CentralAdminDashboard\node_modules\helmet\index.cjs:529:6)
          at Layer.handle [as handle_request] 
(C:\Users\SeanCodyManliclic\OneDrive - smu.edu.ph\Documents\SIA_CentralAdminDas
hboard\node_modules\express\lib\router\layer.js:95:5)
          at trim_prefix (C:\Users\SeanCodyManliclic\OneDrive - smu.edu.ph\Docu
ments\SIA_CentralAdminDashboard\node_modules\express\lib\router\index.js:328:13
)
          at C:\Users\SeanCodyManliclic\OneDrive - smu.edu.ph\Documents\SIA_Cen
tralAdminDashboard\node_modules\express\lib\router\index.js:286:9
          at router.process_params (C:\Users\SeanCodyManliclic\OneDrive - smu.e
du.ph\Documents\SIA_CentralAdminDashboard\node_modules\express\lib\router\index
.js:346:12)
          at next (C:\Users\SeanCodyManliclic\OneDrive - smu.edu.ph\Documents\S
IA_CentralAdminDashboard\node_modules\express\lib\router\index.js:280:10)
          at expressInit (C:\Users\SeanCodyManliclic\OneDrive - smu.edu.ph\Docu
ments\SIA_CentralAdminDashboard\node_modules\express\lib\middleware\init.js:40:
5)
          at Layer.handle [as handle_request] 
(C:\Users\SeanCodyManliclic\OneDrive - smu.edu.ph\Documents\SIA_CentralAdminDas
hboard\node_modules\express\lib\router\layer.js:95:5)
          at trim_prefix (C:\Users\SeanCodyManliclic\OneDrive - smu.edu.ph\Docu
ments\SIA_CentralAdminDashboard\node_modules\express\lib\router\index.js:328:13
)
          at C:\Users\SeanCodyManliclic\OneDrive - smu.edu.ph\Documents\SIA_Cen
tralAdminDashboard\node_modules\express\lib\router\index.js:286:9
          at router.process_params (C:\Users\SeanCodyManliclic\OneDrive - smu.e
du.ph\Documents\SIA_CentralAdminDashboard\node_modules\express\lib\router\index
.js:346:12)
          at next (C:\Users\SeanCodyManliclic\OneDrive - smu.edu.ph\Documents\S
IA_CentralAdminDashboard\node_modules\express\lib\router\index.js:280:10)
          at query (C:\Users\SeanCodyManliclic\OneDrive - smu.edu.ph\Documents\
SIA_CentralAdminDashboard\node_modules\express\lib\middleware\query.js:45:5)
          at Layer.handle [as handle_request] 
(C:\Users\SeanCodyManliclic\OneDrive - smu.edu.ph\Documents\SIA_CentralAdminDas
hboard\node_modules\express\lib\router\layer.js:95:5)
          at trim_prefix (C:\Users\SeanCodyManliclic\OneDrive - smu.edu.ph\Docu
ments\SIA_CentralAdminDashboard\node_modules\express\lib\router\index.js:328:13
)
          at C:\Users\SeanCodyManliclic\OneDrive - smu.edu.ph\Documents\SIA_Cen
tralAdminDashboard\node_modules\express\lib\router\index.js:286:9
          at router.process_params (C:\Users\SeanCodyManliclic\OneDrive - smu.e
du.ph\Documents\SIA_CentralAdminDashboard\node_modules\express\lib\router\index
.js:346:12)
          at next (C:\Users\SeanCodyManliclic\OneDrive - smu.edu.ph\Documents\S
IA_CentralAdminDashboard\node_modules\express\lib\router\index.js:280:10)
          at router.handle (C:\Users\SeanCodyManliclic\OneDrive - smu.edu.ph\Do
cuments\SIA_CentralAdminDashboard\node_modules\express\lib\router\index.js:175:
3)
          at app.handle (C:\Users\SeanCodyManliclic\OneDrive - smu.edu.ph\Docum
ents\SIA_CentralAdminDashboard\node_modules\express\lib\application.js:181:10)
          at Server.app (C:\Users\SeanCodyManliclic\OneDrive - smu.edu.ph\Docum
ents\SIA_CentralAdminDashboard\node_modules\express\lib\express.js:39:9)
          at Server.emit (node:events:508:28)
          at parserOnIncoming (node:_http_server:1186:12)
          at HTTPParser.parserOnHeadersComplete (node:_http_common:122:17)

    [0m [90m 46 |[39m   [90m// 1. Always log the full error server-side 
(stack, message, everything).[39m
     [90m 47 |[39m   [90m//    This is the ONLY place the stack trace is 
written; it never leaves the server.[39m
    [31m[1m>[22m[39m[90m 48 |[39m   
console[33m.[39merror([32m'[errorHandler]'[39m[33m,[39m 
err[33m.[39mstack [33m||[39m err)[33m;[39m
     [90m    |[39m           [31m[1m^[22m[39m
     [90m 49 |[39m
     [90m 50 |[39m   [90m// ΓöÇΓöÇ 2. Map error types to status codes and 
safe client messages ΓöÇΓöÇΓöÇΓöÇΓöÇΓöÇΓöÇΓöÇΓöÇΓöÇΓöÇΓöÇΓöÇΓöÇ[39m
     [90m 51 |[39m[0m

      at error (src/middleware/errorHandler.js:48:11)
      at Layer.handle_error (../node_modules/express/lib/router/layer.js:71:5)
      at trim_prefix (../node_modules/express/lib/router/index.js:326:13)
      at ../node_modules/express/lib/router/index.js:286:9
      at router.process_params 
(../node_modules/express/lib/router/index.js:346:12)
      at next (../node_modules/express/lib/router/index.js:280:10)
      at next (src/app.js:67:3)
      at Layer.handle [as handle_request] 
(../node_modules/express/lib/router/layer.js:95:5)
      at trim_prefix (../node_modules/express/lib/router/index.js:328:13)
      at ../node_modules/express/lib/router/index.js:286:9
      at router.process_params 
(../node_modules/express/lib/router/index.js:346:12)
      at next (../node_modules/express/lib/router/index.js:280:10)
      at ../node_modules/express/lib/router/index.js:646:15
      at next (../node_modules/express/lib/router/index.js:265:14)
      at router.handle (../node_modules/express/lib/router/index.js:175:3)
      at router (../node_modules/express/lib/router/index.js:47:12)
      at Layer.handle [as handle_request] 
(../node_modules/express/lib/router/layer.js:95:5)
      at trim_prefix (../node_modules/express/lib/router/index.js:328:13)
      at ../node_modules/express/lib/router/index.js:286:9
      at router.process_params 
(../node_modules/express/lib/router/index.js:346:12)
      at next (../node_modules/express/lib/router/index.js:280:10)
      at logger (../node_modules/morgan/index.js:144:5)
      at Layer.handle [as handle_request] 
(../node_modules/express/lib/router/layer.js:95:5)
      at trim_prefix (../node_modules/express/lib/router/index.js:328:13)
      at ../node_modules/express/lib/router/index.js:286:9
      at router.process_params 
(../node_modules/express/lib/router/index.js:346:12)
      at next (../node_modules/express/lib/router/index.js:280:10)
      at cookieParser (../node_modules/cookie-parser/index.js:57:14)
      at Layer.handle [as handle_request] 
(../node_modules/express/lib/router/layer.js:95:5)
      at trim_prefix (../node_modules/express/lib/router/index.js:328:13)
      at ../node_modules/express/lib/router/index.js:286:9
      at router.process_params 
(../node_modules/express/lib/router/index.js:346:12)
      at next (../node_modules/express/lib/router/index.js:280:10)
      at jsonParser (../node_modules/body-parser/lib/types/json.js:113:7)
      at Layer.handle [as handle_request] 
(../node_modules/express/lib/router/layer.js:95:5)
      at trim_prefix (../node_modules/express/lib/router/index.js:328:13)
      at ../node_modules/express/lib/router/index.js:286:9
      at router.process_params 
(../node_modules/express/lib/router/index.js:346:12)
      at next (../node_modules/express/lib/router/index.js:280:10)
      at cors (../node_modules/cors/lib/index.js:188:7)
      at ../node_modules/cors/lib/index.js:224:17
      at originCallback (../node_modules/cors/lib/index.js:214:15)
      at ../node_modules/cors/lib/index.js:219:13
      at optionsCallback (../node_modules/cors/lib/index.js:199:9)
      at corsMiddleware (../node_modules/cors/lib/index.js:204:7)
      at Layer.handle [as handle_request] 
(../node_modules/express/lib/router/layer.js:95:5)
      at trim_prefix (../node_modules/express/lib/router/index.js:328:13)
      at ../node_modules/express/lib/router/index.js:286:9
      at router.process_params 
(../node_modules/express/lib/router/index.js:346:12)
      at next (../node_modules/express/lib/router/index.js:280:10)
      at internalNext (../node_modules/helmet/index.cjs:527:6)
      at xXssProtectionMiddleware (../node_modules/helmet/index.cjs:307:3)
      at internalNext (../node_modules/helmet/index.cjs:525:6)
      at xPoweredByMiddleware (../node_modules/helmet/index.cjs:300:3)
      at internalNext (../node_modules/helmet/index.cjs:525:6)
      at xPermittedCrossDomainPoliciesMiddleware 
(../node_modules/helmet/index.cjs:293:3)
      at internalNext (../node_modules/helmet/index.cjs:525:6)
      at xFrameOptionsMiddleware (../node_modules/helmet/index.cjs:277:3)
      at internalNext (../node_modules/helmet/index.cjs:525:6)
      at xDownloadOptionsMiddleware (../node_modules/helmet/index.cjs:257:3)
      at internalNext (../node_modules/helmet/index.cjs:525:6)
      at xDnsPrefetchControlMiddleware (../node_modules/helmet/index.cjs:250:3)
      at internalNext (../node_modules/helmet/index.cjs:525:6)
      at xContentTypeOptionsMiddleware (../node_modules/helmet/index.cjs:242:3)
      at internalNext (../node_modules/helmet/index.cjs:525:6)
      at strictTransportSecurityMiddleware 
(../node_modules/helmet/index.cjs:235:3)
      at internalNext (../node_modules/helmet/index.cjs:525:6)
      at referrerPolicyMiddleware (../node_modules/helmet/index.cjs:203:3)
      at internalNext (../node_modules/helmet/index.cjs:525:6)
      at originAgentClusterMiddleware (../node_modules/helmet/index.cjs:178:3)
      at internalNext (../node_modules/helmet/index.cjs:525:6)
      at crossOriginResourcePolicyMiddleware 
(../node_modules/helmet/index.cjs:171:3)
      at internalNext (../node_modules/helmet/index.cjs:525:6)
      at crossOriginOpenerPolicyMiddleware 
(../node_modules/helmet/index.cjs:155:3)
      at internalNext (../node_modules/helmet/index.cjs:525:6)
      at contentSecurityPolicyMiddleware 
(../node_modules/helmet/index.cjs:120:4)
      at internalNext (../node_modules/helmet/index.cjs:525:6)
      at helmetMiddleware (../node_modules/helmet/index.cjs:529:6)
      at Layer.handle [as handle_request] 
(../node_modules/express/lib/router/layer.js:95:5)
      at trim_prefix (../node_modules/express/lib/router/index.js:328:13)
      at ../node_modules/express/lib/router/index.js:286:9
      at router.process_params 
(../node_modules/express/lib/router/index.js:346:12)
      at next (../node_modules/express/lib/router/index.js:280:10)
      at expressInit (../node_modules/express/lib/middleware/init.js:40:5)
      at Layer.handle [as handle_request] 
(../node_modules/express/lib/router/layer.js:95:5)
      at trim_prefix (../node_modules/express/lib/router/index.js:328:13)
      at ../node_modules/express/lib/router/index.js:286:9
      at router.process_params 
(../node_modules/express/lib/router/index.js:346:12)
      at next (../node_modules/express/lib/router/index.js:280:10)
      at query (../node_modules/express/lib/middleware/query.js:45:5)
      at Layer.handle [as handle_request] 
(../node_modules/express/lib/router/layer.js:95:5)
      at trim_prefix (../node_modules/express/lib/router/index.js:328:13)
      at ../node_modules/express/lib/router/index.js:286:9
      at router.process_params 
(../node_modules/express/lib/router/index.js:346:12)
      at next (../node_modules/express/lib/router/index.js:280:10)
      at router.handle (../node_modules/express/lib/router/index.js:175:3)
      at app.handle (../node_modules/express/lib/application.js:181:10)
      at Server.app (../node_modules/express/lib/express.js:39:9)

    console.error
      [errorHandler] AppError: No token provided
          at authenticate (C:\Users\SeanCodyManliclic\OneDrive - smu.edu.ph\Doc
uments\SIA_CentralAdminDashboard\backend\src\middleware\authenticate.js:34:19)
          at Layer.handle [as handle_request] 
(C:\Users\SeanCodyManliclic\OneDrive - smu.edu.ph\Documents\SIA_CentralAdminDas
hboard\node_modules\express\lib\router\layer.js:95:5)
          at next (C:\Users\SeanCodyManliclic\OneDrive - smu.edu.ph\Documents\S
IA_CentralAdminDashboard\node_modules\express\lib\router\route.js:149:13)
          at Route.dispatch (C:\Users\SeanCodyManliclic\OneDrive - smu.edu.ph\D
ocuments\SIA_CentralAdminDashboard\node_modules\express\lib\router\route.js:119
:3)
          at Layer.handle [as handle_request] 
(C:\Users\SeanCodyManliclic\OneDrive - smu.edu.ph\Documents\SIA_CentralAdminDas
hboard\node_modules\express\lib\router\layer.js:95:5)
          at C:\Users\SeanCodyManliclic\OneDrive - smu.edu.ph\Documents\SIA_Cen
tralAdminDashboard\node_modules\express\lib\router\index.js:284:15
          at router.process_params (C:\Users\SeanCodyManliclic\OneDrive - smu.e
du.ph\Documents\SIA_CentralAdminDashboard\node_modules\express\lib\router\index
.js:346:12)
          at next (C:\Users\SeanCodyManliclic\OneDrive - smu.edu.ph\Documents\S
IA_CentralAdminDashboard\node_modules\express\lib\router\index.js:280:10)
          at router.handle (C:\Users\SeanCodyManliclic\OneDrive - smu.edu.ph\Do
cuments\SIA_CentralAdminDashboard\node_modules\express\lib\router\index.js:175:
3)
          at router (C:\Users\SeanCodyManliclic\OneDrive - smu.edu.ph\Documents
\SIA_CentralAdminDashboard\node_modules\express\lib\router\index.js:47:12)
          at Layer.handle [as handle_request] 
(C:\Users\SeanCodyManliclic\OneDrive - smu.edu.ph\Documents\SIA_CentralAdminDas
hboard\node_modules\express\lib\router\layer.js:95:5)
          at trim_prefix (C:\Users\SeanCodyManliclic\OneDrive - smu.edu.ph\Docu
ments\SIA_CentralAdminDashboard\node_modules\express\lib\router\index.js:328:13
)
          at C:\Users\SeanCodyManliclic\OneDrive - smu.edu.ph\Documents\SIA_Cen
tralAdminDashboard\node_modules\express\lib\router\index.js:286:9
          at router.process_params (C:\Users\SeanCodyManliclic\OneDrive - smu.e
du.ph\Documents\SIA_CentralAdminDashboard\node_modules\express\lib\router\index
.js:346:12)
          at next (C:\Users\SeanCodyManliclic\OneDrive - smu.edu.ph\Documents\S
IA_CentralAdminDashboard\node_modules\express\lib\router\index.js:280:10)
          at router.handle (C:\Users\SeanCodyManliclic\OneDrive - smu.edu.ph\Do
cuments\SIA_CentralAdminDashboard\node_modules\express\lib\router\index.js:175:
3)
          at router (C:\Users\SeanCodyManliclic\OneDrive - smu.edu.ph\Documents
\SIA_CentralAdminDashboard\node_modules\express\lib\router\index.js:47:12)
          at Layer.handle [as handle_request] 
(C:\Users\SeanCodyManliclic\OneDrive - smu.edu.ph\Documents\SIA_CentralAdminDas
hboard\node_modules\express\lib\router\layer.js:95:5)
          at trim_prefix (C:\Users\SeanCodyManliclic\OneDrive - smu.edu.ph\Docu
ments\SIA_CentralAdminDashboard\node_modules\express\lib\router\index.js:328:13
)
          at C:\Users\SeanCodyManliclic\OneDrive - smu.edu.ph\Documents\SIA_Cen
tralAdminDashboard\node_modules\express\lib\router\index.js:286:9
          at router.process_params (C:\Users\SeanCodyManliclic\OneDrive - smu.e
du.ph\Documents\SIA_CentralAdminDashboard\node_modules\express\lib\router\index
.js:346:12)
          at next (C:\Users\SeanCodyManliclic\OneDrive - smu.edu.ph\Documents\S
IA_CentralAdminDashboard\node_modules\express\lib\router\index.js:280:10)
          at logger (C:\Users\SeanCodyManliclic\OneDrive - smu.edu.ph\Documents
\SIA_CentralAdminDashboard\node_modules\morgan\index.js:144:5)
          at Layer.handle [as handle_request] 
(C:\Users\SeanCodyManliclic\OneDrive - smu.edu.ph\Documents\SIA_CentralAdminDas
hboard\node_modules\express\lib\router\layer.js:95:5)
          at trim_prefix (C:\Users\SeanCodyManliclic\OneDrive - smu.edu.ph\Docu
ments\SIA_CentralAdminDashboard\node_modules\express\lib\router\index.js:328:13
)
          at C:\Users\SeanCodyManliclic\OneDrive - smu.edu.ph\Documents\SIA_Cen
tralAdminDashboard\node_modules\express\lib\router\index.js:286:9
          at router.process_params (C:\Users\SeanCodyManliclic\OneDrive - smu.e
du.ph\Documents\SIA_CentralAdminDashboard\node_modules\express\lib\router\index
.js:346:12)
          at next (C:\Users\SeanCodyManliclic\OneDrive - smu.edu.ph\Documents\S
IA_CentralAdminDashboard\node_modules\express\lib\router\index.js:280:10)
          at cookieParser (C:\Users\SeanCodyManliclic\OneDrive - smu.edu.ph\Doc
uments\SIA_CentralAdminDashboard\node_modules\cookie-parser\index.js:57:14)
          at Layer.handle [as handle_request] 
(C:\Users\SeanCodyManliclic\OneDrive - smu.edu.ph\Documents\SIA_CentralAdminDas
hboard\node_modules\express\lib\router\layer.js:95:5)
          at trim_prefix (C:\Users\SeanCodyManliclic\OneDrive - smu.edu.ph\Docu
ments\SIA_CentralAdminDashboard\node_modules\express\lib\router\index.js:328:13
)
          at C:\Users\SeanCodyManliclic\OneDrive - smu.edu.ph\Documents\SIA_Cen
tralAdminDashboard\node_modules\express\lib\router\index.js:286:9
          at router.process_params (C:\Users\SeanCodyManliclic\OneDrive - smu.e
du.ph\Documents\SIA_CentralAdminDashboard\node_modules\express\lib\router\index
.js:346:12)
          at next (C:\Users\SeanCodyManliclic\OneDrive - smu.edu.ph\Documents\S
IA_CentralAdminDashboard\node_modules\express\lib\router\index.js:280:10)
          at jsonParser (C:\Users\SeanCodyManliclic\OneDrive - smu.edu.ph\Docum
ents\SIA_CentralAdminDashboard\node_modules\body-parser\lib\types\json.js:122:7
)
          at Layer.handle [as handle_request] 
(C:\Users\SeanCodyManliclic\OneDrive - smu.edu.ph\Documents\SIA_CentralAdminDas
hboard\node_modules\express\lib\router\layer.js:95:5)
          at trim_prefix (C:\Users\SeanCodyManliclic\OneDrive - smu.edu.ph\Docu
ments\SIA_CentralAdminDashboard\node_modules\express\lib\router\index.js:328:13
)
          at C:\Users\SeanCodyManliclic\OneDrive - smu.edu.ph\Documents\SIA_Cen
tralAdminDashboard\node_modules\express\lib\router\index.js:286:9
          at router.process_params (C:\Users\SeanCodyManliclic\OneDrive - smu.e
du.ph\Documents\SIA_CentralAdminDashboard\node_modules\express\lib\router\index
.js:346:12)
          at next (C:\Users\SeanCodyManliclic\OneDrive - smu.edu.ph\Documents\S
IA_CentralAdminDashboard\node_modules\express\lib\router\index.js:280:10)
          at cors (C:\Users\SeanCodyManliclic\OneDrive - smu.edu.ph\Documents\S
IA_CentralAdminDashboard\node_modules\cors\lib\index.js:188:7)
          at C:\Users\SeanCodyManliclic\OneDrive - smu.edu.ph\Documents\SIA_Cen
tralAdminDashboard\node_modules\cors\lib\index.js:224:17
          at originCallback (C:\Users\SeanCodyManliclic\OneDrive - smu.edu.ph\D
ocuments\SIA_CentralAdminDashboard\node_modules\cors\lib\index.js:214:15)
          at C:\Users\SeanCodyManliclic\OneDrive - smu.edu.ph\Documents\SIA_Cen
tralAdminDashboard\node_modules\cors\lib\index.js:219:13
          at optionsCallback (C:\Users\SeanCodyManliclic\OneDrive - smu.edu.ph\
Documents\SIA_CentralAdminDashboard\node_modules\cors\lib\index.js:199:9)
          at corsMiddleware (C:\Users\SeanCodyManliclic\OneDrive - smu.edu.ph\D
ocuments\SIA_CentralAdminDashboard\node_modules\cors\lib\index.js:204:7)
          at Layer.handle [as handle_request] 
(C:\Users\SeanCodyManliclic\OneDrive - smu.edu.ph\Documents\SIA_CentralAdminDas
hboard\node_modules\express\lib\router\layer.js:95:5)
          at trim_prefix (C:\Users\SeanCodyManliclic\OneDrive - smu.edu.ph\Docu
ments\SIA_CentralAdminDashboard\node_modules\express\lib\router\index.js:328:13
)
          at C:\Users\SeanCodyManliclic\OneDrive - smu.edu.ph\Documents\SIA_Cen
tralAdminDashboard\node_modules\express\lib\router\index.js:286:9
          at router.process_params (C:\Users\SeanCodyManliclic\OneDrive - smu.e
du.ph\Documents\SIA_CentralAdminDashboard\node_modules\express\lib\router\index
.js:346:12)
          at next (C:\Users\SeanCodyManliclic\OneDrive - smu.edu.ph\Documents\S
IA_CentralAdminDashboard\node_modules\express\lib\router\index.js:280:10)
          at internalNext (C:\Users\SeanCodyManliclic\OneDrive - smu.edu.ph\Doc
uments\SIA_CentralAdminDashboard\node_modules\helmet\index.cjs:527:6)
          at xXssProtectionMiddleware (C:\Users\SeanCodyManliclic\OneDrive - sm
u.edu.ph\Documents\SIA_CentralAdminDashboard\node_modules\helmet\index.cjs:307:
3)
          at internalNext (C:\Users\SeanCodyManliclic\OneDrive - smu.edu.ph\Doc
uments\SIA_CentralAdminDashboard\node_modules\helmet\index.cjs:525:6)
          at xPoweredByMiddleware (C:\Users\SeanCodyManliclic\OneDrive - smu.ed
u.ph\Documents\SIA_CentralAdminDashboard\node_modules\helmet\index.cjs:300:3)
          at internalNext (C:\Users\SeanCodyManliclic\OneDrive - smu.edu.ph\Doc
uments\SIA_CentralAdminDashboard\node_modules\helmet\index.cjs:525:6)
          at xPermittedCrossDomainPoliciesMiddleware 
(C:\Users\SeanCodyManliclic\OneDrive - smu.edu.ph\Documents\SIA_CentralAdminDas
hboard\node_modules\helmet\index.cjs:293:3)
          at internalNext (C:\Users\SeanCodyManliclic\OneDrive - smu.edu.ph\Doc
uments\SIA_CentralAdminDashboard\node_modules\helmet\index.cjs:525:6)
          at xFrameOptionsMiddleware (C:\Users\SeanCodyManliclic\OneDrive - smu
.edu.ph\Documents\SIA_CentralAdminDashboard\node_modules\helmet\index.cjs:277:3
)
          at internalNext (C:\Users\SeanCodyManliclic\OneDrive - smu.edu.ph\Doc
uments\SIA_CentralAdminDashboard\node_modules\helmet\index.cjs:525:6)
          at xDownloadOptionsMiddleware (C:\Users\SeanCodyManliclic\OneDrive - 
smu.edu.ph\Documents\SIA_CentralAdminDashboard\node_modules\helmet\index.cjs:25
7:3)
          at internalNext (C:\Users\SeanCodyManliclic\OneDrive - smu.edu.ph\Doc
uments\SIA_CentralAdminDashboard\node_modules\helmet\index.cjs:525:6)
          at xDnsPrefetchControlMiddleware 
(C:\Users\SeanCodyManliclic\OneDrive - smu.edu.ph\Documents\SIA_CentralAdminDas
hboard\node_modules\helmet\index.cjs:250:3)
          at internalNext (C:\Users\SeanCodyManliclic\OneDrive - smu.edu.ph\Doc
uments\SIA_CentralAdminDashboard\node_modules\helmet\index.cjs:525:6)
          at xContentTypeOptionsMiddleware 
(C:\Users\SeanCodyManliclic\OneDrive - smu.edu.ph\Documents\SIA_CentralAdminDas
hboard\node_modules\helmet\index.cjs:242:3)
          at internalNext (C:\Users\SeanCodyManliclic\OneDrive - smu.edu.ph\Doc
uments\SIA_CentralAdminDashboard\node_modules\helmet\index.cjs:525:6)
          at strictTransportSecurityMiddleware 
(C:\Users\SeanCodyManliclic\OneDrive - smu.edu.ph\Documents\SIA_CentralAdminDas
hboard\node_modules\helmet\index.cjs:235:3)
          at internalNext (C:\Users\SeanCodyManliclic\OneDrive - smu.edu.ph\Doc
uments\SIA_CentralAdminDashboard\node_modules\helmet\index.cjs:525:6)
          at referrerPolicyMiddleware (C:\Users\SeanCodyManliclic\OneDrive - sm
u.edu.ph\Documents\SIA_CentralAdminDashboard\node_modules\helmet\index.cjs:203:
3)
          at internalNext (C:\Users\SeanCodyManliclic\OneDrive - smu.edu.ph\Doc
uments\SIA_CentralAdminDashboard\node_modules\helmet\index.cjs:525:6)
          at originAgentClusterMiddleware (C:\Users\SeanCodyManliclic\OneDrive 
- smu.edu.ph\Documents\SIA_CentralAdminDashboard\node_modules\helmet\index.cjs:
178:3)
          at internalNext (C:\Users\SeanCodyManliclic\OneDrive - smu.edu.ph\Doc
uments\SIA_CentralAdminDashboard\node_modules\helmet\index.cjs:525:6)
          at crossOriginResourcePolicyMiddleware 
(C:\Users\SeanCodyManliclic\OneDrive - smu.edu.ph\Documents\SIA_CentralAdminDas
hboard\node_modules\helmet\index.cjs:171:3)
          at internalNext (C:\Users\SeanCodyManliclic\OneDrive - smu.edu.ph\Doc
uments\SIA_CentralAdminDashboard\node_modules\helmet\index.cjs:525:6)
          at crossOriginOpenerPolicyMiddleware 
(C:\Users\SeanCodyManliclic\OneDrive - smu.edu.ph\Documents\SIA_CentralAdminDas
hboard\node_modules\helmet\index.cjs:155:3)
          at internalNext (C:\Users\SeanCodyManliclic\OneDrive - smu.edu.ph\Doc
uments\SIA_CentralAdminDashboard\node_modules\helmet\index.cjs:525:6)
          at contentSecurityPolicyMiddleware 
(C:\Users\SeanCodyManliclic\OneDrive - smu.edu.ph\Documents\SIA_CentralAdminDas
hboard\node_modules\helmet\index.cjs:120:4)
          at internalNext (C:\Users\SeanCodyManliclic\OneDrive - smu.edu.ph\Doc
uments\SIA_CentralAdminDashboard\node_modules\helmet\index.cjs:525:6)
          at helmetMiddleware (C:\Users\SeanCodyManliclic\OneDrive - smu.edu.ph
\Documents\SIA_CentralAdminDashboard\node_modules\helmet\index.cjs:529:6)
          at Layer.handle [as handle_request] 
(C:\Users\SeanCodyManliclic\OneDrive - smu.edu.ph\Documents\SIA_CentralAdminDas
hboard\node_modules\express\lib\router\layer.js:95:5)
          at trim_prefix (C:\Users\SeanCodyManliclic\OneDrive - smu.edu.ph\Docu
ments\SIA_CentralAdminDashboard\node_modules\express\lib\router\index.js:328:13
)
          at C:\Users\SeanCodyManliclic\OneDrive - smu.edu.ph\Documents\SIA_Cen
tralAdminDashboard\node_modules\express\lib\router\index.js:286:9
          at router.process_params (C:\Users\SeanCodyManliclic\OneDrive - smu.e
du.ph\Documents\SIA_CentralAdminDashboard\node_modules\express\lib\router\index
.js:346:12)
          at next (C:\Users\SeanCodyManliclic\OneDrive - smu.edu.ph\Documents\S
IA_CentralAdminDashboard\node_modules\express\lib\router\index.js:280:10)
          at expressInit (C:\Users\SeanCodyManliclic\OneDrive - smu.edu.ph\Docu
ments\SIA_CentralAdminDashboard\node_modules\express\lib\middleware\init.js:40:
5)
          at Layer.handle [as handle_request] 
(C:\Users\SeanCodyManliclic\OneDrive - smu.edu.ph\Documents\SIA_CentralAdminDas
hboard\node_modules\express\lib\router\layer.js:95:5)
          at trim_prefix (C:\Users\SeanCodyManliclic\OneDrive - smu.edu.ph\Docu
ments\SIA_CentralAdminDashboard\node_modules\express\lib\router\index.js:328:13
)
          at C:\Users\SeanCodyManliclic\OneDrive - smu.edu.ph\Documents\SIA_Cen
tralAdminDashboard\node_modules\express\lib\router\index.js:286:9
          at router.process_params (C:\Users\SeanCodyManliclic\OneDrive - smu.e
du.ph\Documents\SIA_CentralAdminDashboard\node_modules\express\lib\router\index
.js:346:12)
          at next (C:\Users\SeanCodyManliclic\OneDrive - smu.edu.ph\Documents\S
IA_CentralAdminDashboard\node_modules\express\lib\router\index.js:280:10)
          at query (C:\Users\SeanCodyManliclic\OneDrive - smu.edu.ph\Documents\
SIA_CentralAdminDashboard\node_modules\express\lib\middleware\query.js:45:5)
          at Layer.handle [as handle_request] 
(C:\Users\SeanCodyManliclic\OneDrive - smu.edu.ph\Documents\SIA_CentralAdminDas
hboard\node_modules\express\lib\router\layer.js:95:5)
          at trim_prefix (C:\Users\SeanCodyManliclic\OneDrive - smu.edu.ph\Docu
ments\SIA_CentralAdminDashboard\node_modules\express\lib\router\index.js:328:13
)
          at C:\Users\SeanCodyManliclic\OneDrive - smu.edu.ph\Documents\SIA_Cen
tralAdminDashboard\node_modules\express\lib\router\index.js:286:9
          at router.process_params (C:\Users\SeanCodyManliclic\OneDrive - smu.e
du.ph\Documents\SIA_CentralAdminDashboard\node_modules\express\lib\router\index
.js:346:12)
          at next (C:\Users\SeanCodyManliclic\OneDrive - smu.edu.ph\Documents\S
IA_CentralAdminDashboard\node_modules\express\lib\router\index.js:280:10)
          at router.handle (C:\Users\SeanCodyManliclic\OneDrive - smu.edu.ph\Do
cuments\SIA_CentralAdminDashboard\node_modules\express\lib\router\index.js:175:
3)
          at app.handle (C:\Users\SeanCodyManliclic\OneDrive - smu.edu.ph\Docum
ents\SIA_CentralAdminDashboard\node_modules\express\lib\application.js:181:10)
          at Server.app (C:\Users\SeanCodyManliclic\OneDrive - smu.edu.ph\Docum
ents\SIA_CentralAdminDashboard\node_modules\express\lib\express.js:39:9)
          at Server.emit (node:events:508:28)

    [0m [90m 46 |[39m   [90m// 1. Always log the full error server-side 
(stack, message, everything).[39m
     [90m 47 |[39m   [90m//    This is the ONLY place the stack trace is 
written; it never leaves the server.[39m
    [31m[1m>[22m[39m[90m 48 |[39m   
console[33m.[39merror([32m'[errorHandler]'[39m[33m,[39m 
err[33m.[39mstack [33m||[39m err)[33m;[39m
     [90m    |[39m           [31m[1m^[22m[39m
     [90m 49 |[39m
     [90m 50 |[39m   [90m// ΓöÇΓöÇ 2. Map error types to status codes and 
safe client messages ΓöÇΓöÇΓöÇΓöÇΓöÇΓöÇΓöÇΓöÇΓöÇΓöÇΓöÇΓöÇΓöÇΓöÇ[39m
     [90m 51 |[39m[0m

      at error (src/middleware/errorHandler.js:48:11)
      at Layer.handle_error (../node_modules/express/lib/router/layer.js:71:5)
      at trim_prefix (../node_modules/express/lib/router/index.js:326:13)
      at ../node_modules/express/lib/router/index.js:286:9
      at router.process_params 
(../node_modules/express/lib/router/index.js:346:12)
      at next (../node_modules/express/lib/router/index.js:280:10)
      at Layer.handle_error (../node_modules/express/lib/router/layer.js:67:12)
      at trim_prefix (../node_modules/express/lib/router/index.js:326:13)
      at ../node_modules/express/lib/router/index.js:286:9
      at router.process_params 
(../node_modules/express/lib/router/index.js:346:12)
      at Immediate.next (../node_modules/express/lib/router/index.js:280:10)
      at Immediate._onImmediate 
(../node_modules/express/lib/router/index.js:646:15)

    console.error
      [errorHandler] Error: unexpected
          at Object.<anonymous> (C:\Users\SeanCodyManliclic\OneDrive - smu.edu.
ph\Documents\SIA_CentralAdminDashboard\backend\src\test\integration\envelope.in
tegration.test.js:208:17)
          at Promise.then.completed (C:\Users\SeanCodyManliclic\OneDrive - smu.
edu.ph\Documents\SIA_CentralAdminDashboard\node_modules\jest-circus\build\utils
.js:298:28)
          at new Promise (<anonymous>)
          at callAsyncCircusFn (C:\Users\SeanCodyManliclic\OneDrive - smu.edu.p
h\Documents\SIA_CentralAdminDashboard\node_modules\jest-circus\build\utils.js:2
31:10)
          at _callCircusTest (C:\Users\SeanCodyManliclic\OneDrive - smu.edu.ph\
Documents\SIA_CentralAdminDashboard\node_modules\jest-circus\build\run.js:316:4
0)
          at processTicksAndRejections 
(node:internal/process/task_queues:105:5)
          at _runTest (C:\Users\SeanCodyManliclic\OneDrive - smu.edu.ph\Documen
ts\SIA_CentralAdminDashboard\node_modules\jest-circus\build\run.js:252:3)
          at _runTestsForDescribeBlock (C:\Users\SeanCodyManliclic\OneDrive - s
mu.edu.ph\Documents\SIA_CentralAdminDashboard\node_modules\jest-circus\build\ru
n.js:126:9)
          at _runTestsForDescribeBlock (C:\Users\SeanCodyManliclic\OneDrive - s
mu.edu.ph\Documents\SIA_CentralAdminDashboard\node_modules\jest-circus\build\ru
n.js:121:9)
          at run (C:\Users\SeanCodyManliclic\OneDrive - smu.edu.ph\Documents\SI
A_CentralAdminDashboard\node_modules\jest-circus\build\run.js:71:3)
          at runAndTransformResultsToJestFormat 
(C:\Users\SeanCodyManliclic\OneDrive - smu.edu.ph\Documents\SIA_CentralAdminDas
hboard\node_modules\jest-circus\build\legacy-code-todo-rewrite\jestAdapterInit.
js:122:21)
          at jestAdapter (C:\Users\SeanCodyManliclic\OneDrive - smu.edu.ph\Docu
ments\SIA_CentralAdminDashboard\node_modules\jest-circus\build\legacy-code-todo
-rewrite\jestAdapter.js:79:19)
          at runTestInternal (C:\Users\SeanCodyManliclic\OneDrive - smu.edu.ph\
Documents\SIA_CentralAdminDashboard\node_modules\jest-runner\build\runTest.js:3
67:16)
          at runTest (C:\Users\SeanCodyManliclic\OneDrive - smu.edu.ph\Document
s\SIA_CentralAdminDashboard\node_modules\jest-runner\build\runTest.js:444:34)

    [0m [90m 46 |[39m   [90m// 1. Always log the full error server-side 
(stack, message, everything).[39m
     [90m 47 |[39m   [90m//    This is the ONLY place the stack trace is 
written; it never leaves the server.[39m
    [31m[1m>[22m[39m[90m 48 |[39m   
console[33m.[39merror([32m'[errorHandler]'[39m[33m,[39m 
err[33m.[39mstack [33m||[39m err)[33m;[39m
     [90m    |[39m           [31m[1m^[22m[39m
     [90m 49 |[39m
     [90m 50 |[39m   [90m// ΓöÇΓöÇ 2. Map error types to status codes and 
safe client messages ΓöÇΓöÇΓöÇΓöÇΓöÇΓöÇΓöÇΓöÇΓöÇΓöÇΓöÇΓöÇΓöÇΓöÇ[39m
     [90m 51 |[39m[0m

      at error (src/middleware/errorHandler.js:48:11)
      at Object.errorHandler 
(src/test/integration/envelope.integration.test.js:218:5)

[0mPOST /api/v1/auth/login [32m200[0m 249.715 ms - 388[0m
[0mPOST /api/v1/auth/login [33m400[0m 1.071 ms - 169[0m
[0mGET /api/v1/nonexistent [33m404[0m 6.563 ms - 57[0m
[0mPOST /api/v1/auth/logout [33m401[0m 1.884 ms - 59[0m
PASS src/config/env.test.js
PASS src/services/token.service.test.js
PASS src/middleware/errorHandler.test.js

Test Suites: 7 passed, 7 total
Tests:       96 passed, 96 total
Snapshots:   0 total
Time:        9.96 s, estimated 10 s
Ran all test suites.
